******************************************************************************
                  TI ARM Linker PC v15.12.1                    
******************************************************************************
>> Linked Sun Apr 24 23:25:42 2016

OUTPUT FILE NAME:   <TI-RTOS_BasicTask_CC2650STK.out>
ENTRY POINT SYMBOL: "ResetISR"  address: 00005b75


MEMORY CONFIGURATION

         name            origin    length      used     unused   attr    fill
----------------------  --------  ---------  --------  --------  ----  --------
  FLASH                 00000000   00020000  00007e89  00018177  R  X
  SRAM                  20000000   00005000  000029d6  0000262a  RW X


SEGMENT ALLOCATION MAP

run origin  load origin   length   init length attrs members
----------  ----------- ---------- ----------- ----- -------
00000000    00000000    00007e34   00007e34    r-x
  00000000    00000000    0000003c   0000003c    r-- .resetVecs
  0000003c    0000003c    000073ce   000073ce    r-x .text
  0000740c    0000740c    0000065b   0000065b    r-- .const
  00007a68    00007a68    000003cc   000003cc    r-- .cinit
0001ffa8    0001ffa8    00000058   00000058    r--
  0001ffa8    0001ffa8    00000058   00000058    r-- .ccfg
20000000    20000000    000000dc   00000000    rw-
  20000000    20000000    000000dc   00000000    rw- .vecs
20000100    20000100    000024fa   00000000    rw-
  20000100    20000100    00001f30   00000000    rw- .bss
  20002030    20002030    000005ca   00000000    rw- .data
20004c00    20004c00    00000400   00000000    rw-
  20004c00    20004c00    00000400   00000000    rw- .stack


SECTION ALLOCATION MAP

 output                                  attributes/
section   page    origin      length       input sections
--------  ----  ----------  ----------   ----------------
.text      0    0000003c    000073ce     
                  0000003c    000005ce     driverlib.lib : setup.obj (.text:HapiTrimDeviceShutDown)
                  0000060a    00000002     flash_debug_pem3.oem3 (.text:free)
                  0000060c    00000424     sysbios.aem3 : BIOS.obj (.text:ti_sysbios_family_arm_m3_Hwi_excDumpRegs__I)
                  00000a30    0000034c     ti.targets.arm.rtsarm.aem3 : System.oem3 (.text:xdc_runtime_System_doPrint__I)
                  00000d7c    00000324     rtsv7M3_T_le_eabi.lib : trgdrv.obj (.text)
                  000010a0    00000250     sysbios.aem3 : BIOS.obj (.text:ti_sysbios_family_arm_cc26xx_Power_sleep__E)
                  000012f0    00000218     PINCC26XX.obj (.text:PIN_init)
                  00001508    00000218     sysbios.aem3 : BIOS.obj (.text:ti_sysbios_family_arm_cc26xx_Power_auxISR__E)
                  00001720    000001f4     rtsv7M3_T_le_eabi.lib : ull_div_t2.obj (.text)
                  00001914    000001e0     sysbios.aem3 : BIOS.obj (.text:ti_sysbios_family_arm_m3_Hwi_excHandlerMax__I)
                  00001af4    000001aa     driverlib.lib : sys_ctrl.obj (.text:SysCtrlSetRechargeBeforePowerDown)
                  00001c9e    00000002     rtsv7M3_T_le_eabi.lib : i_div0.obj (.text)
                  00001ca0    0000019c     sysbios.aem3 : BIOS.obj (.text:ti_sysbios_knl_Semaphore_pend__E)
                  00001e3c    0000018c                  : BIOS.obj (.text:ti_sysbios_knl_Task_Module_startup__E)
                  00001fc8    00000168                  : BIOS.obj (.text:ti_sysbios_family_arm_m3_Hwi_excBusFault__I)
                  00002130    00000148                  : BIOS.obj (.text:ti_sysbios_family_arm_m3_Hwi_excUsageFault__I)
                  00002278    00000144     ti.targets.arm.rtsarm.aem3 : HeapStd.oem3 (.text:xdc_runtime_HeapStd_alloc__E)
                  000023bc    00000138     flash_debug_pem3.oem3 (.text:ti_uia_loggers_LoggerStopMode_writeMemoryRange__E)
                  000024f4    00000134     sysbios.aem3 : BIOS.obj (.text:ti_sysbios_family_arm_m3_Hwi_excMemFault__I)
                  00002628    00000130                  : BIOS.obj (.text:ti_sysbios_family_arm_m3_Hwi_dispatchC__I)
                  00002758    0000012c     PINCC26XX.obj (.text:PINCC26XX_setIoCfg)
                  00002884    00000120     sysbios.aem3 : BIOS.obj (.text:ti_sysbios_knl_Swi_run__I)
                  000029a4    00000118     ti.targets.arm.rtsarm.aem3 : Error.oem3 (.text:xdc_runtime_Error_policyDefault__E)
                  00002abc    0000010c     flash_debug_pem3.oem3 (.text:ti_uia_loggers_LoggerStopMode_write8__E)
                  00002bc8    00000108     PINCC26XX.obj (.text:PIN_open)
                  00002cd0    00000100     ti.targets.arm.rtsarm.aem3 : Core-mem.oem3 (.text:xdc_runtime_Core_createObject__I)
                  00002dd0    000000f8                                : Startup.oem3 (.text:xdc_runtime_Startup_startMods__I)
                  00002ec8    000000f8     flash_debug_pem3.oem3 (.text:xdc_runtime_System_printfExtend__I)
                  00002fc0    000000f4     flash_debug_pem3.oem3 (.text:ti_uia_loggers_LoggerStopMode_write4__E)
                  000030b4    000000e8     flash_debug_pem3.oem3 (.text:ti_uia_loggers_LoggerStopMode_write2__E)
                  0000319c    000000e4     flash_debug_pem3.oem3 (.text:ti_uia_loggers_LoggerStopMode_write1__E)
                  00003280    000000e0     sysbios.aem3 : BIOS.obj (.text:ti_sysbios_knl_Clock_workFuncDynamic__E)
                  00003360    000000d8                  : BIOS.obj (.text:ti_sysbios_knl_Clock_walkQueueDynamic__E)
                  00003438    000000d8     flash_debug_pem3.oem3 (.text:ti_uia_loggers_LoggerStopMode_write0__E)
                  00003510    000000d4     sysbios.aem3 : BIOS.obj (.text:ti_sysbios_family_arm_cc26xx_Power_setDependency__E)
                  000035e4    000000d0                  : BIOS.obj (.text:ti_sysbios_family_arm_cc26xx_Power_standbyPolicy__E)
                  000036b4    000000d0                  : m3_Hwi_asm.obj (.text:ti_sysbios_family_arm_m3_Hwi_dispatch__I)
                  00003784    000000cc                  : BIOS.obj (.text:ti_sysbios_family_arm_cc26xx_Power_releaseDependency__E)
                  00003850    000000cc     ti.targets.arm.rtsarm.aem3 : Core-smem.oem3 (.text:xdc_runtime_Core_constructObject__I)
                  0000391c    000000cc                                : HeapStd.oem3 (.text:xdc_runtime_HeapStd_Instance_init__E)
                  000039e8    000000c4     sysbios.aem3 : BIOS.obj (.text:ti_sysbios_family_arm_m3_Hwi_Module_startup__E)
                  00003aac    000000c4                  : BIOS.obj (.text:ti_sysbios_knl_Semaphore_post__E)
                  00003b70    000000c4                  : BIOS.obj (.text:ti_sysbios_knl_Task_Instance_init__E)
                  00003c34    000000c0                  : BIOS.obj (.text:ti_sysbios_knl_Task_schedule__I)
                  00003cf4    000000c0                  : BIOS.obj (.text:ti_sysbios_utils_Load_updateLoads__E)
                  00003db4    000000bc                  : BIOS.obj (.text:ti_sysbios_knl_Task_startCore__E)
                  00003e70    000000b8                  : BIOS.obj (.text:ti_sysbios_knl_Task_Instance_finalize__E)
                  00003f28    000000b4     driverlib.lib : setup.obj (.text:trimDevice)
                  00003fdc    000000b0     sysbios.aem3 : BIOS.obj (.text:ti_sysbios_family_arm_m3_Hwi_excHardFault__I)
                  0000408c    000000ac                  : BIOS.obj (.text:ti_sysbios_knl_Swi_post__E)
                  00004138    000000a8                  : BIOS.obj (.text:ti_sysbios_knl_Task_blockI__E)
                  000041e0    000000a8                  : BIOS.obj (.text:ti_sysbios_knl_Task_postInit__I)
                  00004288    000000a8     ti.targets.arm.rtsarm.aem3 : HeapStd.oem3 (.text:xdc_runtime_HeapStd_free__E)
                  00004330    000000a4     sysbios.aem3 : BIOS.obj (.text:ti_sysbios_family_arm_m3_Hwi_excDebugMon__I)
                  000043d4    000000a0     auto_init.aem3 : auto_init.oem3 (.text)
                  00004474    000000a0     ti.targets.arm.rtsarm.aem3 : Text.oem3 (.text:xdc_runtime_Text_putMod__E)
                  00004514    0000009c     rtsv7M3_T_le_eabi.lib : memcpy_t2.obj (.text)
                  000045b0    0000009c     sysbios.aem3 : BIOS.obj (.text:ti_sysbios_family_arm_cc26xx_Power_initiateCalibration__E)
                  0000464c    0000009a     ti.targets.arm.rtsarm.aem3 : Text.oem3 (.text:xdc_runtime_Text_putSite__E)
                  000046e6    00000002     flash_debug_pem3.oem3 (.text:ti_sysbios_BIOS_nullFunc__I)
                  000046e8    00000094     sysbios.aem3 : BIOS.obj (.text:ti_sysbios_family_arm_m3_Hwi_Instance_init__E)
                  0000477c    00000094                  : BIOS.obj (.text:ti_sysbios_knl_Task_exit__E)
                  00004810    00000094                  : BIOS.obj (.text:ti_sysbios_knl_Task_unblockI__E)
                  000048a4    00000090     lab1-main.obj (.text:main)
                  00004934    00000090     ti.uia.loggers.aem3 : LoggerStopMode.oem3 (.text:ti_uia_loggers_LoggerStopMode_initQueueDescriptor__E)
                  000049c4    00000088     sysbios.aem3 : BIOS.obj (.text:ti_sysbios_family_arm_cc26xx_Power_Module_startup__E)
                  00004a4c    00000084                  : BIOS.obj (.text:ti_sysbios_family_arm_cc26xx_Timer_start__E)
                  00004ad0    0000007c     driverlib.lib : chipinfo.obj (.text:ChipInfo_GetHwRevision)
                  00004b4c    0000007a     rtsv7M3_T_le_eabi.lib : memset_t2.obj (.text)
                  00004bc6    00000002     sysbios.aem3 : BIOS.obj (.text:ti_sysbios_family_arm_cc26xx_Power_defaultClockFunc__E)
                  00004bc8    00000078                  : BIOS.obj (.text:ti_sysbios_knl_Clock_startI__E)
                  00004c40    00000074                  : BIOS.obj (.text:ti_sysbios_family_arm_cc26xx_Power_startFirstMeasurement__E)
                  00004cb4    00000074                  : BIOS.obj (.text:ti_sysbios_family_arm_m3_Hwi_initNVIC__E)
                  00004d28    00000074     ti.uia.runtime.aem3 : QueueDescriptor.oem3 (.text:ti_uia_runtime_QueueDescriptor_addToList__E)
                  00004d9c    00000070     sysbios.aem3 : BIOS.obj (.text:ti_sysbios_family_arm_m3_Hwi_postInit__I)
                  00004e0c    0000006e     driverlib.lib : osc.obj (.text:OSCHF_AttemptToSwitchToXosc)
                  00004e7a    00000002     sysbios.aem3 : BIOS.obj (.text:ti_sysbios_family_arm_cc26xx_Power_defaultNotifyTrapFunc__E)
                  00004e7c    0000006c                  : BIOS.obj (.text:ti_sysbios_family_arm_cc26xx_Power_LF_clockFunc__E)
                  00004ee8    0000006c     ti.targets.arm.rtsarm.aem3 : Error.oem3 (.text:xdc_runtime_Error_print__E)
                  00004f54    0000006c                                : Memory.oem3 (.text:xdc_runtime_Memory_alloc__E)
                  00004fc0    0000006a     rtsv7M3_T_le_eabi.lib : copy_decompress_rle.obj (.text)
                  0000502a    00000002     sysbios.aem3 : BIOS.obj (.text:ti_sysbios_gates_GateHwi_Instance_init__E)
                  0000502c    00000068     rtsv7M3_T_le_eabi.lib : trgmsg.obj (.text)
                  00005094    00000068     sysbios.aem3 : BIOS.obj (.text:ti_sysbios_utils_Load_idleFxn__E)
                  000050fc    00000066     driverlib.lib : sys_ctrl.obj (.text:SysCtrl_DCDC_VoltageConditionalControl)
                  00005162    00000066     ti.uia.loggers.aem3 : LoggerStopMode.oem3 (.text:ti_uia_loggers_LoggerStopMode_flush__E)
                  000051c8    00000066     ti.targets.arm.rtsarm.aem3 : Core-mem.oem3 (.text:xdc_runtime_Core_deleteObject__I)
                  0000522e    00000002     flash_debug_pem3.oem3 (.text:ti_uia_loggers_LoggerStopMode_setFilterLevel__E)
                  00005230    00000064     PINCC26XX.obj (.text:PIN_Isr)
                  00005294    00000064     ti.targets.arm.rtsarm.aem3 : System.oem3 (.text:xdc_runtime_System_formatNum__I)
                  000052f8    00000062     driverlib.lib : sys_ctrl.obj (.text:SysCtrlAdjustRechargeAfterPowerDown)
                  0000535a    00000002     ti.uia.loggers.aem3 : LoggerStopMode.oem3 (.text:ti_uia_loggers_LoggerStopMode_setPriority__E)
                  0000535c    00000060     flash_debug_pem3.oem3 (.text:ti_sysbios_family_arm_cc26xx_Power_XOSC_HF_clockFunc__E)
                  000053bc    00000060     sysbios.aem3 : BIOS.obj (.text:ti_sysbios_knl_Clock_logTick__E)
                  0000541c    00000060                  : BIOS.obj (.text:ti_sysbios_utils_Load_logCPULoad__I)
                  0000547c    0000005b     ti.targets.arm.rtsarm.aem3 : Text.oem3 (.text:xdc_runtime_Text_putLab__E)
                  000054d7    00000001     --HOLE-- [fill = 0]
                  000054d8    00000058     driverlib.lib : osc.obj (.text:OSCHF_SwitchToRcOscTurnOffXosc)
                  00005530    00000058     sysbios.aem3 : BIOS.obj (.text:tdcPerformRcOscMeasurement$18)
                  00005588    00000058     flash_debug_pem3.oem3 (.text:ti_sysbios_family_arm_m3_Hwi_construct)
                  000055e0    00000058     sysbios.aem3 : BIOS.obj (.text:ti_sysbios_knl_Swi_restoreHwi__E)
                  00005638    00000058                  : BIOS.obj (.text:ti_sysbios_knl_Swi_schedule__I)
                  00005690    00000058     flash_debug_pem3.oem3 (.text:xdc_runtime_HeapStd_Object__create__S)
                  000056e8    00000056     driverlib.lib : ddi.obj (.text:NOROM_DDI16BitfieldWrite)
                  0000573e    00000002     --HOLE-- [fill = 0]
                  00005740    00000054     rtsv7M3_T_le_eabi.lib : exit.obj (.text)
                  00005794    00000054     flash_debug_pem3.oem3 (.text:ti_sysbios_knl_Task_construct)
                  000057e8    00000054     ti.targets.arm.rtsarm.aem3 : Assert.oem3 (.text:xdc_runtime_Assert_raise__I)
                  0000583c    00000052     driverlib.lib : osc.obj (.text:NOROM_OSCClockSourceSet)
                  0000588e    00000002     --HOLE-- [fill = 0]
                  00005890    00000050     ti.targets.arm.rtsarm.aem3 : Startup.oem3 (.text:xdc_runtime_Startup_exec__E)
                  000058e0    0000004c     rtsv7M3_T_le_eabi.lib : cpy_tbl.obj (.text)
                  0000592c    0000004c     sysbios.aem3 : m3_TaskSupport_asm.obj (.text:ti_sysbios_family_arm_m3_TaskSupport_buildTaskStack)
                  00005978    0000004c                  : BIOS.obj (.text:ti_sysbios_knl_Swi_runLoop__I)
                  000059c4    0000004c     ti.uia.loggers.aem3 : LoggerStopMode.oem3 (.text:ti_uia_loggers_LoggerStopMode_Module_startup__E)
                  00005a10    00000048     PINCC26XX.obj (.text:PINCC26XX_setIoCfgMux)
                  00005a58    00000048     sysbios.aem3 : BIOS.obj (.text:ti_sysbios_family_arm_m3_Hwi_excReserved__I)
                  00005aa0    00000048                  : m3_Hwi_asm_switch.obj (.text:ti_sysbios_family_arm_m3_Hwi_initStacks__E)
                  00005ae8    00000046     ti.targets.arm.rtsarm.aem3 : Core-params.oem3 (.text:xdc_runtime_Core_assignParams__I)
                  00005b2e    00000002     --HOLE-- [fill = 0]
                  00005b30    00000044     PINCC26XX.obj (.text:PIN_setInterrupt)
                  00005b74    00000044     boot.aem3 : boot.oem3 (.text)
                  00005bb8    00000044     sysbios.aem3 : BIOS.obj (.text:ti_sysbios_family_arm_cc26xx_Timer_initDevice__I)
                  00005bfc    00000044                  : BIOS.obj (.text:ti_sysbios_family_arm_m3_Hwi_disableInterrupt__E)
                  00005c40    00000044                  : BIOS.obj (.text:ti_sysbios_family_arm_m3_Hwi_enableInterrupt__E)
                  00005c84    00000044                  : BIOS.obj (.text:ti_sysbios_knl_Task_allBlockedFunction__I)
                  00005cc8    00000044     ti.uia.loggers.aem3 : LoggerStopMode.oem3 (.text:ti_uia_loggers_LoggerStopMode_initBuffer__I)
                  00005d0c    00000044     ti.targets.arm.rtsarm.aem3 : Error.oem3 (.text:xdc_runtime_Error_setX__E)
                  00005d50    00000044                                : SysMin.oem3 (.text:xdc_runtime_SysMin_flush__E)
                  00005d94    00000044                                : Text.oem3 (.text:xdc_runtime_Text_xprintf__I)
                  00005dd8    00000042     driverlib.lib : ddi.obj (.text:NOROM_DDI16BitfieldRead)
                  00005e1a    00000002     --HOLE-- [fill = 0]
                  00005e1c    00000040     PINCC26XX.obj (.text:PIN_setConfig)
                  00005e5c    00000040     PINCC26XX.obj (.text:PIN_setOutputValue)
                  00005e9c    00000040     rtsv7M3_T_le_eabi.lib : u_divt2.obj (.text)
                  00005edc    00000040     flash_debug_pem3.oem3 (.text:ti_sysbios_family_arm_cc26xx_Power_XOSC_HF)
                  00005f1c    00000040     sysbios.aem3 : BIOS.obj (.text:ti_sysbios_family_arm_cc26xx_Timer_getCurrentTick__E)
                  00005f5c    00000040                  : BIOS.obj (.text:ti_sysbios_family_arm_m3_Hwi_getStackInfo__E)
                  00005f9c    0000003e     driverlib.lib : osc.obj (.text:NOROM_OSCInterfaceEnable)
                  00005fda    00000002     --HOLE-- [fill = 0]
                  00005fdc    0000003c     sysbios.aem3 : BIOS.obj (.text:ti_sysbios_family_arm_m3_Hwi_excSvCall__I)
                  00006018    0000003c                  : BIOS.obj (.text:ti_sysbios_family_arm_m3_TaskSupport_start__E)
                  00006054    0000003c                  : BIOS.obj (.text:ti_sysbios_knl_Swi_restore__E)
                  00006090    0000003c                  : BIOS.obj (.text:ti_sysbios_knl_Swi_startup__E)
                  000060cc    00000038     driverlib.lib : osc.obj (.text:OSCHF_TurnOnXosc)
                  00006104    00000038     sysbios.aem3 : BIOS.obj (.text:ti_sysbios_family_arm_cc26xx_Power_serviceNotifyQ__I)
                  0000613c    00000038                  : BIOS.obj (.text:ti_sysbios_family_arm_cc26xx_Timer_setThreshold__I)
                  00006174    00000038                  : BIOS.obj (.text:ti_sysbios_family_arm_m3_Hwi_excNoIsr__I)
                  000061ac    00000038                  : BIOS.obj (.text:ti_sysbios_knl_Task_processVitalTaskFlag__I)
                  000061e4    00000038     ti.targets.arm.rtsarm.aem3 : SysMin.oem3 (.text:xdc_runtime_SysMin_putch__E)
                  0000621c    00000038                                : System.oem3 (.text:xdc_runtime_System_atexit__E)
                  00006254    00000034     driverlib.lib : chipinfo.obj (.text:ChipInfo_GetChipFamily)
                  00006288    00000034     sysbios.aem3 : BIOS.obj (.text:cleanupAfterMeasurements$18)
                  000062bc    00000034                  : BIOS.obj (.text:ti_sysbios_family_arm_cc26xx_Power_releaseConstraint__E)
                  000062f0    00000034                  : BIOS.obj (.text:ti_sysbios_family_arm_cc26xx_Timer_Module_startup__E)
                  00006324    00000034                  : BIOS.obj (.text:ti_sysbios_family_arm_m3_Hwi_excNmi__I)
                  00006358    00000034                  : BIOS.obj (.text:ti_sysbios_gates_GateMutex_enter__E)
                  0000638c    00000034                  : BIOS.obj (.text:ti_sysbios_utils_Load_updateCurrentThreadTime__E)
                  000063c0    00000034     ti.uia.loggers.aem3 : LoggerStopMode.oem3 (.text:ti_uia_loggers_LoggerStopMode_reset__E)
                  000063f4    00000034     ti.targets.arm.rtsarm.aem3 : Core-label.oem3 (.text:xdc_runtime_Core_assignLabel__I)
                  00006428    00000033                                : Text.oem3 (.text:xdc_runtime_Text_printVisFxn__I)
                  0000645b    00000001     --HOLE-- [fill = 0]
                  0000645c    00000032     sysbios.aem3 : BIOS.obj (.text:ti_sysbios_family_arm_cc26xx_Timer_setNextTick__E)
                  0000648e    00000032                  : BIOS.obj (.text:ti_sysbios_knl_Semaphore_pendTimeout__I)
                  000064c0    00000030     lab1-main.obj (.text:CallBackFunction)
                  000064f0    00000030     lab1-main.obj (.text:sensor_trig_HCSR04)
                  00006520    00000030     flash_debug_pem3.oem3 (.text:ti_sysbios_BIOS_atExitFunc__I)
                  00006550    00000030     sysbios.aem3 : BIOS.obj (.text:ti_sysbios_family_arm_cc26xx_Power_notify__I)
                  00006580    00000030     flash_debug_pem3.oem3 (.text:ti_sysbios_gates_GateHwi_Object__create__S)
                  000065b0    00000030     flash_debug_pem3.oem3 (.text:ti_sysbios_gates_GateMutex_Object__create__S)
                  000065e0    00000030     flash_debug_pem3.oem3 (.text:ti_sysbios_knl_Semaphore_construct)
                  00006610    00000030     flash_debug_pem3.oem3 (.text:ti_uia_loggers_LoggerStopMode_Object__create__S)
                  00006640    00000030     ti.targets.arm.rtsarm.aem3 : SysMin.oem3 (.text:xdc_runtime_SysMin_abort__E)
                  00006670    00000030                                : System.oem3 (.text:xdc_runtime_System_processAtExit__E)
                  000066a0    0000002c     driverlib.lib : aon_batmon.obj (.text:AONBatMonTemperatureGetDegC)
                  000066cc    0000002c     lab1-main.obj (.text:doWork)
                  000066f8    0000002c     sysbios.aem3 : BIOS.obj (.text:ti_sysbios_family_arm_m3_Hwi_Instance_finalize__E)
                  00006724    0000002c                  : BIOS.obj (.text:ti_sysbios_hal_Hwi_initStack)
                  00006750    0000002c                  : BIOS.obj (.text:ti_sysbios_knl_Clock_getTicksUntilInterrupt__E)
                  0000677c    0000002c     flash_debug_pem3.oem3 (.text:ti_sysbios_knl_Queue_construct)
                  000067a8    0000002c     sysbios.aem3 : BIOS.obj (.text:ti_sysbios_knl_Task_restore__E)
                  000067d4    0000002c     ti.targets.arm.rtsarm.aem3 : Text.oem3 (.text:xdc_runtime_Text_cordText__E)
                  00006800    0000002a                                : System.oem3 (.text:xdc_runtime_System_putchar__I)
                  0000682a    00000028     driverlib.lib : aon_rtc.obj (.text:NOROM_AONRTCCurrentCompareValueGet)
                  00006852    00000002     --HOLE-- [fill = 0]
                  00006854    00000028     flash_debug_pem3.oem3 (.text:ti_sysbios_family_arm_cc26xx_Power_isDependencyActive)
                  0000687c    00000028     sysbios.aem3 : BIOS.obj (.text:ti_sysbios_family_arm_cc26xx_Timer_getMaxTicks__E)
                  000068a4    00000028                  : BIOS.obj (.text:ti_sysbios_family_arm_cc26xx_TimestampProvider_get64__E)
                  000068cc    00000026     driverlib.lib : osc.obj (.text:NOROM_OSCClockSourceGet)
                  000068f2    00000026     ti.targets.arm.rtsarm.aem3 : System.oem3 (.text:xdc_runtime_System_avprintf__E)
                  00006918    00000024     lab1-main.obj (.text:InitializeInterrupts)
                  0000693c    00000024     PINCC26XX.obj (.text:PINCC26XX_setOutputValue)
                  00006960    00000024     flash_debug_pem3.oem3 (.text:ti_sysbios_BIOS_registerRTSLock__I)
                  00006984    00000024     flash_debug_pem3.oem3 (.text:ti_sysbios_BIOS_removeRTSLock__I)
                  000069a8    00000024     flash_debug_pem3.oem3 (.text:ti_sysbios_BIOS_startFunc__I)
                  000069cc    00000024     sysbios.aem3 : BIOS.obj (.text:ti_sysbios_family_arm_cc26xx_Timer_dynamicStub__E)
                  000069f0    00000024                  : BIOS.obj (.text:ti_sysbios_family_arm_cc26xx_Timer_startup__E)
                  00006a14    00000024                  : BIOS.obj (.text:ti_sysbios_family_arm_m3_Hwi_doTaskRestore__I)
                  00006a38    00000024     flash_debug_pem3.oem3 (.text:ti_sysbios_gates_GateMutex_Object__delete__S)
                  00006a5c    00000024     sysbios.aem3 : BIOS.obj (.text:ti_sysbios_knl_Clock_Module_startup__E)
                  00006a80    00000024                  : BIOS.obj (.text:ti_sysbios_knl_Semaphore_Instance_init__E)
                  00006aa4    00000024                  : BIOS.obj (.text:ti_sysbios_knl_Swi_Module_startup__E)
                  00006ac8    00000024     ti.targets.arm.rtsarm.aem3 : System.oem3 (.text:xdc_runtime_System_vprintf__E)
                  00006aec    00000022     flash_debug_pem3.oem3 (.text:xdc_runtime_SysMin_output__I)
                  00006b0e    00000002     --HOLE-- [fill = 0]
                  00006b10    00000020     flash_debug_pem3.oem3 (.text:ti_sysbios_BIOS_rtsLock__I)
                  00006b30    00000020     sysbios.aem3 : BIOS.obj (.text:ti_sysbios_family_arm_cc26xx_TimestampProvider_Module_startup__E)
                  00006b50    00000020                  : BIOS.obj (.text:ti_sysbios_family_arm_cc26xx_TimestampProvider_get32__E)
                  00006b70    00000020                  : m3_Hwi_asm.obj (.text:ti_sysbios_family_arm_m3_Hwi_excHandlerAsm__I)
                  00006b90    00000020                  : BIOS.obj (.text:ti_sysbios_family_arm_m3_Hwi_excHandler__I)
                  00006bb0    00000020     flash_debug_pem3.oem3 (.text:ti_sysbios_gates_GateHwi_Object__delete__S)
                  00006bd0    00000020     sysbios.aem3 : BIOS.obj (.text:ti_sysbios_knl_Idle_run__E)
                  00006bf0    00000020     flash_debug_pem3.oem3 (.text:ti_sysbios_knl_Semaphore_Object__destruct__S)
                  00006c10    00000020     flash_debug_pem3.oem3 (.text:ti_uia_loggers_LoggerStopMode_Object__delete__S)
                  00006c30    00000020     ti.targets.arm.rtsarm.aem3 : Registry.oem3 (.text:xdc_runtime_Registry_findById__E)
                  00006c50    00000020                                : SysMin.oem3 (.text:xdc_runtime_SysMin_Module_startup__E)
                  00006c70    0000001e     flash_debug_pem3.oem3 (.text:ti_sysbios_BIOS_errorRaiseHook__I)
                  00006c8e    0000001e     sysbios.aem3 : m3_Hwi_asm_switch.obj (.text:ti_sysbios_family_xxx_Hwi_switchAndRunFunc)
                  00006cac    0000001d     lab1-main.obj (.text:workTaskFunc)
                  00006cc9    00000001     --HOLE-- [fill = 0]
                  00006cca    0000001c     PINCC26XX.obj (.text:PIN_registerIntCb)
                  00006ce6    00000002     --HOLE-- [fill = 0]
                  00006ce8    0000001c     lab1-main.obj (.text:SensorCalculation)
                  00006d04    0000001c     sysbios.aem3 : BIOS.obj (.text:ti_sysbios_gates_GateMutex_Instance_init__E)
                  00006d20    0000001c     flash_debug_pem3.oem3 (.text:ti_sysbios_knl_Queue_Object__destruct__S)
                  00006d3c    0000001c     sysbios.aem3 : BIOS.obj (.text:ti_sysbios_knl_Task_enter__I)
                  00006d58    0000001c     ti.uia.loggers.aem3 : LoggerStopMode.oem3 (.text:ti_uia_loggers_LoggerStopMode_Instance_init__E)
                  00006d74    0000001c     ti.targets.arm.rtsarm.aem3 : Error.oem3 (.text:xdc_runtime_Error_raiseX__E)
                  00006d90    0000001c     flash_debug_pem3.oem3 (.text:xdc_runtime_HeapStd_Object__delete__S)
                  00006dac    0000001c     ti.targets.arm.rtsarm.aem3 : Memory.oem3 (.text:xdc_runtime_Memory_valloc__E)
                  00006dc8    0000001c                                : SysMin.oem3 (.text:xdc_runtime_SysMin_exit__E)
                  00006de4    0000001c                                : System.oem3 (.text:xdc_runtime_System_abort__E)
                  00006e00    0000001a     sysbios.aem3 : m3_Hwi_asm.obj (.text:ti_sysbios_family_arm_m3_Hwi_pendSV__I)
                  00006e1a    0000001a     flash_debug_pem3.oem3 (.text:xdc_runtime_System_aprintf__E)
                  00006e34    0000001a     flash_debug_pem3.oem3 (.text:xdc_runtime_System_printf__E)
                  00006e4e    00000018     driverlib.lib : chipinfo.obj (.text:ChipInfo_GetPackageType)
                  00006e66    00000002     --HOLE-- [fill = 0]
                  00006e68    00000018     rtsv7M3_T_le_eabi.lib : args_main.obj (.text)
                  00006e80    00000018                           : ll_mul_t2.obj (.text)
                  00006e98    00000018     flash_debug_pem3.oem3 (.text:ti_sysbios_BIOS_rtsUnlock__I)
                  00006eb0    00000018     flash_debug_pem3.oem3 (.text:ti_sysbios_family_arm_cc26xx_Power_RFCORECLKS)
                  00006ec8    00000018     flash_debug_pem3.oem3 (.text:ti_sysbios_family_arm_cc26xx_Timer_Module__startupDone__F)
                  00006ee0    00000018     flash_debug_pem3.oem3 (.text:ti_sysbios_family_arm_m3_Hwi_Handle__label__S)
                  00006ef8    00000018     flash_debug_pem3.oem3 (.text:ti_sysbios_family_arm_m3_Hwi_Module__startupDone__F)
                  00006f10    00000018     flash_debug_pem3.oem3 (.text:ti_sysbios_gates_GateHwi_Handle__label__S)
                  00006f28    00000018     flash_debug_pem3.oem3 (.text:ti_sysbios_gates_GateMutex_Handle__label__S)
                  00006f40    00000018     sysbios.aem3 : BIOS.obj (.text:ti_sysbios_gates_GateMutex_leave__E)
                  00006f58    00000018     flash_debug_pem3.oem3 (.text:ti_sysbios_knl_Swi_Handle__label__S)
                  00006f70    00000018     flash_debug_pem3.oem3 (.text:ti_sysbios_knl_Task_Handle__label__S)
                  00006f88    00000018     flash_debug_pem3.oem3 (.text:ti_uia_loggers_LoggerStopMode_Handle__label__S)
                  00006fa0    00000018     ti.targets.arm.rtsarm.aem3 : Error.oem3 (.text:xdc_runtime_Error_check__E)
                  00006fb8    00000018     flash_debug_pem3.oem3 (.text:xdc_runtime_HeapStd_Handle__label__S)
                  00006fd0    00000018     ti.targets.arm.rtsarm.aem3 : System.oem3 (.text:xdc_runtime_System_exit__E)
                  00006fe8    00000018                                : Text.oem3 (.text:xdc_runtime_Text_ropeText__E)
                  00007000    00000016     rtsv7M3_T_le_eabi.lib : strcpy.obj (.text)
                  00007016    00000016     flash_debug_pem3.oem3 (.text:ti_sysbios_BIOS_exitFunc__I)
                  0000702c    00000016     PINCC26XX.obj (.text:ti_sysbios_family_arm_m3_Hwi_Params_init)
                  00007042    00000016     sysbios.aem3 : BIOS.obj (.text:ti_sysbios_knl_Clock_start__E)
                  00007058    00000016     PINCC26XX.obj (.text:ti_sysbios_knl_Semaphore_Params_init)
                  0000706e    00000016     lab1-main.obj (.text:ti_sysbios_knl_Task_Params_init)
                  00007084    00000016     ti.uia.loggers.aem3 : LoggerStopMode.oem3 (.text:ti_uia_loggers_LoggerStopMode_disable__E)
                  0000709a    00000016                         : LoggerStopMode.oem3 (.text:ti_uia_loggers_LoggerStopMode_enable__E)
                  000070b0    00000014     PINCC26XX.obj (.text:PIN_ctz)
                  000070c4    00000014     driverlib.lib : chipinfo.obj (.text:ThisCodeIsBuiltForCC26xxHwRev22AndLater_HaltIfViolated)
                  000070d8    00000014     rtsv7M3_T_le_eabi.lib : _lock.obj (.text)
                  000070ec    00000014                           : strlen.obj (.text)
                  00007100    00000014     flash_debug_pem3.oem3 (.text:ti_sysbios_family_arm_m3_Hwi_Object__get__S)
                  00007114    00000014     sysbios.aem3 : BIOS.obj (.text:ti_sysbios_family_arm_m3_Hwi_switchFromBootStack__E)
                  00007128    00000014     flash_debug_pem3.oem3 (.text:ti_sysbios_knl_Clock_doTick__I)
                  0000713c    00000014     flash_debug_pem3.oem3 (.text:ti_sysbios_knl_Swi_Object__get__S)
                  00007150    00000012     sysbios.aem3 : BIOS.obj (.text:ti_sysbios_hal_Hwi_Module_startup__E)
                  00007162    00000012     flash_debug_pem3.oem3 (.text:xdc_runtime_Startup_exec__I)
                  00007174    00000010     sysbios.aem3 : BIOS.obj (.text:ti_sysbios_BIOS_setThreadType__E)
                  00007184    00000010                  : BIOS.obj (.text:ti_sysbios_BIOS_start__E)
                  00007194    00000010                  : m3_TaskSupport_asm.obj (.text:ti_sysbios_family_arm_m3_TaskSupport_glue)
                  000071a4    00000010                  : m3_TaskSupport_asm.obj (.text:ti_sysbios_family_arm_m3_TaskSupport_swap__E)
                  000071b4    00000010                  : BIOS.obj (.text:ti_sysbios_gates_GateMutex_Instance_finalize__E)
                  000071c4    00000010                  : BIOS.obj (.text:ti_sysbios_knl_Semaphore_Instance_finalize__E)
                  000071d4    00000010                  : BIOS.obj (.text:ti_sysbios_knl_Swi_disable__E)
                  000071e4    00000010     flash_debug_pem3.oem3 (.text:ti_sysbios_knl_Task_Object__get__S)
                  000071f4    00000010     sysbios.aem3 : BIOS.obj (.text:ti_sysbios_knl_Task_disable__E)
                  00007204    00000010     flash_debug_pem3.oem3 (.text:ti_uia_loggers_LoggerStopMode_Object__get__S)
                  00007214    00000010     ti.uia.loggers.aem3 : LoggerStopMode.oem3 (.text:ti_uia_loggers_LoggerStopMode_isEmpty__E)
                  00007224    00000010     ti.targets.arm.rtsarm.aem3 : Gate.oem3 (.text:xdc_runtime_Gate_leaveSystem__E)
                  00007234    00000010                                : Memory.oem3 (.text:xdc_runtime_Memory_free__E)
                  00007244    00000010                                : SysMin.oem3 (.text:xdc_runtime_SysMin_ready__E)
                  00007254    00000010                                : System.oem3 (.text:xdc_runtime_System_vsnprintf__E)
                  00007264    0000000e     driverlib.lib : vims.obj (.text:NOROM_VIMSModeGet)
                  00007272    0000000e     rtsv7M3_T_le_eabi.lib : copy_decompress_none.obj (.text:decompress:none)
                  00007280    0000000e     ti.targets.arm.rtsarm.aem3 : HeapStd.oem3 (.text:xdc_runtime_HeapStd_getStats__E)
                  0000728e    0000000c     driverlib.lib : cpu.obj (.text:NOROM_CPUcpsid)
                  0000729a    0000000c                   : cpu.obj (.text:NOROM_CPUcpsie)
                  000072a6    0000000c     sysbios.aem3 : BIOS.obj (.text:ti_sysbios_family_arm_cc26xx_TimestampProvider_getFreq__E)
                  000072b2    00000002     --HOLE-- [fill = 0]
                  000072b4    0000000c     flash_debug_pem3.oem3 (.text:ti_sysbios_family_arm_m3_Hwi_Params__init__S)
                  000072c0    0000000c     sysbios.aem3 : BIOS.obj (.text:ti_sysbios_family_arm_m3_Hwi_disableFxn__E)
                  000072cc    0000000c                  : BIOS.obj (.text:ti_sysbios_family_arm_m3_TaskSupport_getStackAlignment__E)
                  000072d8    0000000c                  : BIOS.obj (.text:ti_sysbios_gates_GateHwi_enter__E)
                  000072e4    0000000c     flash_debug_pem3.oem3 (.text:ti_sysbios_knl_Queue_Object__get__S)
                  000072f0    0000000c     flash_debug_pem3.oem3 (.text:ti_sysbios_knl_Semaphore_Params__init__S)
                  000072fc    0000000c     PINCC26XX.obj (.text:ti_sysbios_knl_Semaphore_handle)
                  00007308    0000000c     flash_debug_pem3.oem3 (.text:ti_sysbios_knl_Task_Params__init__S)
                  00007314    0000000c     ti.targets.arm.rtsarm.aem3 : Error.oem3 (.text:xdc_runtime_Error_init__E)
                  00007320    0000000c                                : Gate.oem3 (.text:xdc_runtime_Gate_enterSystem__E)
                  0000732c    0000000c                                : Memory.oem3 (.text:xdc_runtime_Memory_calloc__E)
                  00007338    0000000c                                : Memory.oem3 (.text:xdc_runtime_Memory_getMaxDefaultTypeAlign__E)
                  00007344    0000000a     flash_debug_pem3.oem3 (.text:xdc_runtime_IHeap_alloc)
                  0000734e    0000000a     flash_debug_pem3.oem3 (.text:xdc_runtime_IHeap_free)
                  00007358    00000008     sysbios.aem3 : BIOS.obj (.text:ti_sysbios_family_arm_m3_Hwi_doSwiRestore__I)
                  00007360    00000008                  : BIOS.obj (.text:ti_sysbios_family_arm_m3_Hwi_startup__E)
                  00007368    00000008                  : BIOS.obj (.text:ti_sysbios_knl_Idle_loop__E)
                  00007370    00000008     flash_debug_pem3.oem3 (.text:xdc_runtime_Text_visitRope__I)
                  00007378    00000006     driverlib.lib : cpu.obj (.text:NOROM_CPUdelay)
                  0000737e    00000006     rtsv7M3_T_le_eabi.lib : copy_decompress_rle.obj (.text:decompress:rle24)
                  00007384    00000006     sysbios.aem3 : BIOS.obj (.text:ti_sysbios_family_arm_m3_Hwi_restoreFxn__E)
                  0000738a    00000006                  : BIOS.obj (.text:ti_sysbios_gates_GateHwi_leave__E)
                  00007390    00000006                  : BIOS.obj (.text:ti_sysbios_knl_Clock_stop__E)
                  00007396    00000006                  : BIOS.obj (.text:ti_sysbios_knl_Queue_Instance_init__E)
                  0000739c    00000006     ti.targets.arm.rtsarm.aem3 : System.oem3 (.text:xdc_runtime_System_Module_startup__E)
                  000073a2    00000004     flash_debug_pem3.oem3 (.text:malloc)
                  000073a6    00000004     flash_debug_pem3.oem3 (.text:ti_sysbios_BIOS_RtsGateProxy_enter__E)
                  000073aa    00000004     flash_debug_pem3.oem3 (.text:ti_sysbios_BIOS_RtsGateProxy_leave__E)
                  000073ae    00000004     flash_debug_pem3.oem3 (.text:ti_sysbios_family_arm_cc26xx_Power_NOP)
                  000073b2    00000004     flash_debug_pem3.oem3 (.text:ti_sysbios_family_arm_m3_TaskSupport_Module__startupDone__S)
                  000073b6    00000004     sysbios.aem3 : BIOS.obj (.text:ti_sysbios_gates_GateHwi_query__E)
                  000073ba    00000004                  : BIOS.obj (.text:ti_sysbios_gates_GateMutex_query__E)
                  000073be    00000004     flash_debug_pem3.oem3 (.text:ti_sysbios_knl_Clock_TimerProxy_getCurrentTick__E)
                  000073c2    00000004     flash_debug_pem3.oem3 (.text:ti_sysbios_knl_Clock_TimerProxy_getMaxTicks__E)
                  000073c6    00000004     flash_debug_pem3.oem3 (.text:ti_sysbios_knl_Clock_TimerProxy_setNextTick__E)
                  000073ca    00000004     sysbios.aem3 : BIOS.obj (.text:ti_sysbios_knl_Clock_setTimeout__E)
                  000073ce    00000004     flash_debug_pem3.oem3 (.text:ti_sysbios_knl_Queue_destruct)
                  000073d2    00000004     flash_debug_pem3.oem3 (.text:ti_sysbios_knl_Semaphore_destruct)
                  000073d6    00000004     sysbios.aem3 : BIOS.obj (.text:ti_sysbios_knl_Task_startup__E)
                  000073da    00000004     ti.uia.loggers.aem3 : LoggerStopMode.oem3 (.text:ti_uia_loggers_LoggerStopMode_getContents__E)
                  000073de    00000004     flash_debug_pem3.oem3 (.text:ti_uia_loggers_LoggerStopMode_getFilterLevel__E)
                  000073e2    00000004     ti.uia.loggers.aem3 : LoggerStopMode.oem3 (.text:ti_uia_loggers_LoggerStopMode_getInstanceId__E)
                  000073e6    00000004                         : LoggerStopMode.oem3 (.text:ti_uia_loggers_LoggerStopMode_getMaxLength__E)
                  000073ea    00000004                         : LoggerStopMode.oem3 (.text:ti_uia_loggers_LoggerStopMode_getPriority__E)
                  000073ee    00000004                         : LoggerStopMode.oem3 (.text:ti_uia_loggers_LoggerStopMode_getTransferType__E)
                  000073f2    00000004     ti.targets.arm.rtsarm.aem3 : Error.oem3 (.text:xdc_runtime_Error_getSite__E)
                  000073f6    00000004                                : HeapStd.oem3 (.text:xdc_runtime_HeapStd_isBlocking__E)
                  000073fa    00000004     flash_debug_pem3.oem3 (.text:xdc_runtime_System_Module_GateProxy_enter__E)
                  000073fe    00000004     flash_debug_pem3.oem3 (.text:xdc_runtime_System_Module_GateProxy_leave__E)
                  00007402    00000004     ti.targets.arm.rtsarm.aem3 : System.oem3 (.text:xdc_runtime_System_aprintf_va__F)
                  00007406    00000004                                : System.oem3 (.text:xdc_runtime_System_printf_va__F)

.const     0    0000740c    0000065b     
                  0000740c    00000060     flash_debug_pem3.oem3 (.const:ti_uia_loggers_LoggerStopMode_Module__FXNS__C)
                  0000746c    0000004c     flash_debug_pem3.oem3 (.const:ti_sysbios_family_arm_cc26xx_Power_db)
                  000074b8    00000048     flash_debug_pem3.oem3 (.const:.string)
                  00007500    0000003c     flash_debug_pem3.oem3 (.const:ti_sysbios_knl_Task_Object__PARAMS__C)
                  0000753c    00000030     flash_debug_pem3.oem3 (.const:ti_sysbios_family_arm_m3_Hwi_Object__PARAMS__C)
                  0000756c    0000002c     flash_debug_pem3.oem3 (.const:xdc_runtime_Startup_sfxnTab__A)
                  00007598    00000028     flash_debug_pem3.oem3 (.const:ti_uia_loggers_LoggerStopMode_Object__PARAMS__C)
                  000075c0    00000028     flash_debug_pem3.oem3 (.const:xdc_runtime_HeapStd_Module__FXNS__C)
                  000075e8    00000024     flash_debug_pem3.oem3 (.const:ti_sysbios_gates_GateHwi_Module__FXNS__C)
                  0000760c    00000024     flash_debug_pem3.oem3 (.const:ti_sysbios_gates_GateMutex_Module__FXNS__C)
                  00007630    00000024     flash_debug_pem3.oem3 (.const:ti_sysbios_knl_Semaphore_Object__PARAMS__C)
                  00007654    00000020     flash_debug_pem3.oem3 (.const:ti_sysbios_family_arm_m3_Hwi_Object__DESC__C)
                  00007674    00000020     flash_debug_pem3.oem3 (.const:ti_sysbios_gates_GateHwi_Object__DESC__C)
                  00007694    00000020     flash_debug_pem3.oem3 (.const:ti_sysbios_gates_GateMutex_Object__DESC__C)
                  000076b4    00000020     flash_debug_pem3.oem3 (.const:ti_sysbios_knl_Queue_Object__DESC__C)
                  000076d4    00000020     flash_debug_pem3.oem3 (.const:ti_sysbios_knl_Semaphore_Object__DESC__C)
                  000076f4    00000020     flash_debug_pem3.oem3 (.const:ti_sysbios_knl_Task_Object__DESC__C)
                  00007714    00000020     flash_debug_pem3.oem3 (.const:ti_uia_loggers_LoggerStopMode_Object__DESC__C)
                  00007734    00000020     flash_debug_pem3.oem3 (.const:xdc_runtime_HeapStd_Object__DESC__C)
                  00007754    0000001c     flash_debug_pem3.oem3 (.const:xdc_runtime_HeapStd_Object__PARAMS__C)
                  00007770    00000018     flash_debug_pem3.oem3 (.const:ti_sysbios_gates_GateHwi_Object__PARAMS__C)
                  00007788    00000018     flash_debug_pem3.oem3 (.const:ti_sysbios_gates_GateMutex_Object__PARAMS__C)
                  000077a0    00000018     flash_debug_pem3.oem3 (.const:ti_sysbios_knl_Queue_Object__PARAMS__C)
                  000077b8    00000016     flash_debug_pem3.oem3 (.const:xdc_runtime_Startup_sfxnRts__A)
                  000077ce    00000011     ti.targets.arm.rtsarm.aem3 : System.oem3 (.const:.string)
                  000077df    00000001     flash_debug_pem3.oem3 (.const:xdc_runtime_Error_policy__C)
                  000077e0    00000008     flash_debug_pem3.oem3 (.const:ti_sysbios_family_arm_m3_Hwi_excHookFuncs__A)
                  000077e8    00000008     flash_debug_pem3.oem3 (.const:ti_sysbios_knl_Idle_funcList__A)
                  000077f0    00000008     flash_debug_pem3.oem3 (.const:ti_sysbios_knl_Idle_funcList__C)
                  000077f8    00000008     flash_debug_pem3.oem3 (.const:xdc_runtime_Startup_firstFxns__A)
                  00007800    00000008     flash_debug_pem3.oem3 (.const:xdc_runtime_Startup_firstFxns__C)
                  00007808    00000008     flash_debug_pem3.oem3 (.const:xdc_runtime_Startup_lastFxns__C)
                  00007810    00000004     flash_debug_pem3.oem3 (.const:ti_sysbios_family_arm_cc26xx_Power_Module_State_clockObj__O)
                  00007814    00000004     flash_debug_pem3.oem3 (.const:ti_sysbios_family_arm_cc26xx_Power_Module_State_lfClockObj__O)
                  00007818    00000004     flash_debug_pem3.oem3 (.const:ti_sysbios_family_arm_cc26xx_Power_Module_State_notifyQ__O)
                  0000781c    00000004     flash_debug_pem3.oem3 (.const:ti_sysbios_family_arm_cc26xx_Power_notifyTrapFunc__C)
                  00007820    00000004     flash_debug_pem3.oem3 (.const:ti_sysbios_family_arm_cc26xx_Power_totalTicksSTANDBY__C)
                  00007824    00000004     flash_debug_pem3.oem3 (.const:ti_sysbios_family_arm_cc26xx_Power_wakeDelaySTANDBY__C)
                  00007828    00000004     flash_debug_pem3.oem3 (.const:ti_sysbios_family_arm_cc26xx_Timer_startupNeeded__C)
                  0000782c    00000004     flash_debug_pem3.oem3 (.const:ti_sysbios_family_arm_m3_Hwi_E_NMI__C)
                  00007830    00000004     flash_debug_pem3.oem3 (.const:ti_sysbios_family_arm_m3_Hwi_E_alreadyDefined__C)
                  00007834    00000004     flash_debug_pem3.oem3 (.const:ti_sysbios_family_arm_m3_Hwi_E_busFault__C)
                  00007838    00000004     flash_debug_pem3.oem3 (.const:ti_sysbios_family_arm_m3_Hwi_E_debugMon__C)
                  0000783c    00000004     flash_debug_pem3.oem3 (.const:ti_sysbios_family_arm_m3_Hwi_E_hardFault__C)
                  00007840    00000004     flash_debug_pem3.oem3 (.const:ti_sysbios_family_arm_m3_Hwi_E_memFault__C)
                  00007844    00000004     flash_debug_pem3.oem3 (.const:ti_sysbios_family_arm_m3_Hwi_E_noIsr__C)
                  00007848    00000004     flash_debug_pem3.oem3 (.const:ti_sysbios_family_arm_m3_Hwi_E_reserved__C)
                  0000784c    00000004     flash_debug_pem3.oem3 (.const:ti_sysbios_family_arm_m3_Hwi_E_svCall__C)
                  00007850    00000004     flash_debug_pem3.oem3 (.const:ti_sysbios_family_arm_m3_Hwi_E_usageFault__C)
                  00007854    00000004     flash_debug_pem3.oem3 (.const:ti_sysbios_family_arm_m3_Hwi_LD_end__C)
                  00007858    00000004     flash_debug_pem3.oem3 (.const:ti_sysbios_family_arm_m3_Hwi_LM_begin__C)
                  0000785c    00000004     flash_debug_pem3.oem3 (.const:ti_sysbios_family_arm_m3_Hwi_Module__diagsEnabled__C)
                  00007860    00000004     flash_debug_pem3.oem3 (.const:ti_sysbios_family_arm_m3_Hwi_Module__diagsIncluded__C)
                  00007864    00000004     flash_debug_pem3.oem3 (.const:ti_sysbios_family_arm_m3_Hwi_Module__diagsMask__C)
                  00007868    00000004     flash_debug_pem3.oem3 (.const:ti_sysbios_family_arm_m3_Hwi_Module__loggerFxn1__C)
                  0000786c    00000004     flash_debug_pem3.oem3 (.const:ti_sysbios_family_arm_m3_Hwi_Module__loggerFxn8__C)
                  00007870    00000004     flash_debug_pem3.oem3 (.const:ti_sysbios_family_arm_m3_Hwi_Module__loggerObj__C)
                  00007874    00000004     flash_debug_pem3.oem3 (.const:ti_sysbios_family_arm_m3_Hwi_NUM_INTERRUPTS__C)
                  00007878    00000004     flash_debug_pem3.oem3 (.const:ti_sysbios_family_arm_m3_Hwi_Object__count__C)
                  0000787c    00000004     flash_debug_pem3.oem3 (.const:ti_sysbios_family_arm_m3_Hwi_ccr__C)
                  00007880    00000004     flash_debug_pem3.oem3 (.const:ti_sysbios_family_arm_m3_Hwi_excHandlerFunc__C)
                  00007884    00000004     flash_debug_pem3.oem3 (.const:ti_sysbios_family_arm_m3_Hwi_excHookFuncs__C)
                  00007888    00000004     flash_debug_pem3.oem3 (.const:ti_sysbios_family_arm_m3_Hwi_nullIsrFunc__C)
                  0000788c    00000004     flash_debug_pem3.oem3 (.const:ti_sysbios_family_arm_m3_Hwi_priGroup__C)
                  00007890    00000004     flash_debug_pem3.oem3 (.const:ti_sysbios_family_arm_m3_TaskSupport_stackAlignment__C)
                  00007894    00000004     flash_debug_pem3.oem3 (.const:ti_sysbios_gates_GateMutex_Instance_State_sem__O)
                  00007898    00000004     flash_debug_pem3.oem3 (.const:ti_sysbios_knl_Clock_LM_begin__C)
                  0000789c    00000004     flash_debug_pem3.oem3 (.const:ti_sysbios_knl_Clock_LM_tick__C)
                  000078a0    00000004     flash_debug_pem3.oem3 (.const:ti_sysbios_knl_Clock_Module_State_clockQ__O)
                  000078a4    00000004     flash_debug_pem3.oem3 (.const:ti_sysbios_knl_Clock_Module__diagsEnabled__C)
                  000078a8    00000004     flash_debug_pem3.oem3 (.const:ti_sysbios_knl_Clock_Module__diagsIncluded__C)
                  000078ac    00000004     flash_debug_pem3.oem3 (.const:ti_sysbios_knl_Clock_Module__diagsMask__C)
                  000078b0    00000004     flash_debug_pem3.oem3 (.const:ti_sysbios_knl_Clock_Module__loggerFxn1__C)
                  000078b4    00000004     flash_debug_pem3.oem3 (.const:ti_sysbios_knl_Clock_Module__loggerFxn2__C)
                  000078b8    00000004     flash_debug_pem3.oem3 (.const:ti_sysbios_knl_Clock_Module__loggerObj__C)
                  000078bc    00000004     flash_debug_pem3.oem3 (.const:ti_sysbios_knl_Clock_tickPeriod__C)
                  000078c0    00000004     flash_debug_pem3.oem3 (.const:ti_sysbios_knl_Semaphore_Instance_State_pendQ__O)
                  000078c4    00000004     flash_debug_pem3.oem3 (.const:ti_sysbios_knl_Semaphore_LM_pend__C)
                  000078c8    00000004     flash_debug_pem3.oem3 (.const:ti_sysbios_knl_Semaphore_LM_post__C)
                  000078cc    00000004     flash_debug_pem3.oem3 (.const:ti_sysbios_knl_Semaphore_Module__diagsEnabled__C)
                  000078d0    00000004     flash_debug_pem3.oem3 (.const:ti_sysbios_knl_Semaphore_Module__diagsIncluded__C)
                  000078d4    00000004     flash_debug_pem3.oem3 (.const:ti_sysbios_knl_Semaphore_Module__diagsMask__C)
                  000078d8    00000004     flash_debug_pem3.oem3 (.const:ti_sysbios_knl_Semaphore_Module__loggerFxn2__C)
                  000078dc    00000004     flash_debug_pem3.oem3 (.const:ti_sysbios_knl_Semaphore_Module__loggerFxn4__C)
                  000078e0    00000004     flash_debug_pem3.oem3 (.const:ti_sysbios_knl_Semaphore_Module__loggerObj__C)
                  000078e4    00000004     flash_debug_pem3.oem3 (.const:ti_sysbios_knl_Swi_LD_end__C)
                  000078e8    00000004     flash_debug_pem3.oem3 (.const:ti_sysbios_knl_Swi_LM_begin__C)
                  000078ec    00000004     flash_debug_pem3.oem3 (.const:ti_sysbios_knl_Swi_LM_post__C)
                  000078f0    00000004     flash_debug_pem3.oem3 (.const:ti_sysbios_knl_Swi_Module__diagsEnabled__C)
                  000078f4    00000004     flash_debug_pem3.oem3 (.const:ti_sysbios_knl_Swi_Module__diagsIncluded__C)
                  000078f8    00000004     flash_debug_pem3.oem3 (.const:ti_sysbios_knl_Swi_Module__diagsMask__C)
                  000078fc    00000004     flash_debug_pem3.oem3 (.const:ti_sysbios_knl_Swi_Module__loggerFxn1__C)
                  00007900    00000004     flash_debug_pem3.oem3 (.const:ti_sysbios_knl_Swi_Module__loggerFxn4__C)
                  00007904    00000004     flash_debug_pem3.oem3 (.const:ti_sysbios_knl_Swi_Module__loggerObj__C)
                  00007908    00000004     flash_debug_pem3.oem3 (.const:ti_sysbios_knl_Swi_Object__count__C)
                  0000790c    00000004     flash_debug_pem3.oem3 (.const:ti_sysbios_knl_Task_LD_block__C)
                  00007910    00000004     flash_debug_pem3.oem3 (.const:ti_sysbios_knl_Task_LD_exit__C)
                  00007914    00000004     flash_debug_pem3.oem3 (.const:ti_sysbios_knl_Task_LD_ready__C)
                  00007918    00000004     flash_debug_pem3.oem3 (.const:ti_sysbios_knl_Task_LM_switch__C)
                  0000791c    00000004     flash_debug_pem3.oem3 (.const:ti_sysbios_knl_Task_Module_State_inactiveQ__O)
                  00007920    00000004     flash_debug_pem3.oem3 (.const:ti_sysbios_knl_Task_Module__diagsEnabled__C)
                  00007924    00000004     flash_debug_pem3.oem3 (.const:ti_sysbios_knl_Task_Module__diagsIncluded__C)
                  00007928    00000004     flash_debug_pem3.oem3 (.const:ti_sysbios_knl_Task_Module__diagsMask__C)
                  0000792c    00000004     flash_debug_pem3.oem3 (.const:ti_sysbios_knl_Task_Module__loggerFxn2__C)
                  00007930    00000004     flash_debug_pem3.oem3 (.const:ti_sysbios_knl_Task_Module__loggerFxn4__C)
                  00007934    00000004     flash_debug_pem3.oem3 (.const:ti_sysbios_knl_Task_Module__loggerObj__C)
                  00007938    00000004     flash_debug_pem3.oem3 (.const:ti_sysbios_knl_Task_Object__count__C)
                  0000793c    00000004     flash_debug_pem3.oem3 (.const:ti_sysbios_knl_Task_allBlockedFunc__C)
                  00007940    00000004     flash_debug_pem3.oem3 (.const:ti_sysbios_knl_Task_defaultStackHeap__C)
                  00007944    00000004     flash_debug_pem3.oem3 (.const:ti_sysbios_knl_Task_defaultStackSize__C)
                  00007948    00000004     flash_debug_pem3.oem3 (.const:ti_sysbios_knl_Task_numConstructedTasks__C)
                  0000794c    00000004     flash_debug_pem3.oem3 (.const:ti_sysbios_utils_Load_LS_cpuLoad__C)
                  00007950    00000004     flash_debug_pem3.oem3 (.const:ti_sysbios_utils_Load_Module__diagsEnabled__C)
                  00007954    00000004     flash_debug_pem3.oem3 (.const:ti_sysbios_utils_Load_Module__diagsIncluded__C)
                  00007958    00000004     flash_debug_pem3.oem3 (.const:ti_sysbios_utils_Load_Module__diagsMask__C)
                  0000795c    00000004     flash_debug_pem3.oem3 (.const:ti_sysbios_utils_Load_Module__loggerFxn1__C)
                  00007960    00000004     flash_debug_pem3.oem3 (.const:ti_sysbios_utils_Load_Module__loggerObj__C)
                  00007964    00000004     flash_debug_pem3.oem3 (.const:ti_sysbios_utils_Load_postUpdate__C)
                  00007968    00000004     flash_debug_pem3.oem3 (.const:ti_sysbios_utils_Load_windowInMs__C)
                  0000796c    00000004     flash_debug_pem3.oem3 (.const:ti_uia_loggers_LoggerStopMode_Module__diagsEnabled__C)
                  00007970    00000004     flash_debug_pem3.oem3 (.const:ti_uia_loggers_LoggerStopMode_Module__diagsIncluded__C)
                  00007974    00000004     flash_debug_pem3.oem3 (.const:ti_uia_loggers_LoggerStopMode_Module__diagsMask__C)
                  00007978    00000004     flash_debug_pem3.oem3 (.const:ti_uia_loggers_LoggerStopMode_Object__count__C)
                  0000797c    00000004     flash_debug_pem3.oem3 (.const:ti_uia_runtime_ILoggerSnapshot_Interface__BASE__C)
                  00007980    00000004     flash_debug_pem3.oem3 (.const:ti_uia_runtime_IUIATransfer_Interface__BASE__C)
                  00007984    00000004     flash_debug_pem3.oem3 (.const:xdc_runtime_Assert_E_assertFailed__C)
                  00007988    00000004     flash_debug_pem3.oem3 (.const:xdc_runtime_Core_A_initializedParams__C)
                  0000798c    00000004     flash_debug_pem3.oem3 (.const:xdc_runtime_Core_Module__diagsEnabled__C)
                  00007990    00000004     flash_debug_pem3.oem3 (.const:xdc_runtime_Core_Module__diagsIncluded__C)
                  00007994    00000004     flash_debug_pem3.oem3 (.const:xdc_runtime_Core_Module__diagsMask__C)
                  00007998    00000004     flash_debug_pem3.oem3 (.const:xdc_runtime_Error_E_memory__C)
                  0000799c    00000004     flash_debug_pem3.oem3 (.const:xdc_runtime_Error_Module__diagsEnabled__C)
                  000079a0    00000004     flash_debug_pem3.oem3 (.const:xdc_runtime_Error_Module__diagsIncluded__C)
                  000079a4    00000004     flash_debug_pem3.oem3 (.const:xdc_runtime_Error_Module__diagsMask__C)
                  000079a8    00000004     flash_debug_pem3.oem3 (.const:xdc_runtime_Error_Module__loggerFxn8__C)
                  000079ac    00000004     flash_debug_pem3.oem3 (.const:xdc_runtime_Error_Module__loggerObj__C)
                  000079b0    00000004     flash_debug_pem3.oem3 (.const:xdc_runtime_Error_policyFxn__C)
                  000079b4    00000004     flash_debug_pem3.oem3 (.const:xdc_runtime_Error_raiseHook__C)
                  000079b8    00000004     flash_debug_pem3.oem3 (.const:xdc_runtime_HeapStd_A_align__C)
                  000079bc    00000004     flash_debug_pem3.oem3 (.const:xdc_runtime_HeapStd_A_invalidTotalFreeSize__C)
                  000079c0    00000004     flash_debug_pem3.oem3 (.const:xdc_runtime_HeapStd_A_zeroSize__C)
                  000079c4    00000004     flash_debug_pem3.oem3 (.const:xdc_runtime_HeapStd_E_noRTSMemory__C)
                  000079c8    00000004     flash_debug_pem3.oem3 (.const:xdc_runtime_HeapStd_Module__diagsEnabled__C)
                  000079cc    00000004     flash_debug_pem3.oem3 (.const:xdc_runtime_HeapStd_Module__diagsIncluded__C)
                  000079d0    00000004     flash_debug_pem3.oem3 (.const:xdc_runtime_HeapStd_Module__diagsMask__C)
                  000079d4    00000004     flash_debug_pem3.oem3 (.const:xdc_runtime_IFilterLogger_Interface__BASE__C)
                  000079d8    00000004     flash_debug_pem3.oem3 (.const:xdc_runtime_IGateProvider_Interface__BASE__C)
                  000079dc    00000004     flash_debug_pem3.oem3 (.const:xdc_runtime_IHeap_Interface__BASE__C)
                  000079e0    00000004     flash_debug_pem3.oem3 (.const:xdc_runtime_ILogger_Interface__BASE__C)
                  000079e4    00000004     flash_debug_pem3.oem3 (.const:xdc_runtime_IModule_Interface__BASE__C)
                  000079e8    00000004     flash_debug_pem3.oem3 (.const:xdc_runtime_Log_L_error__C)
                  000079ec    00000004     flash_debug_pem3.oem3 (.const:xdc_runtime_Memory_defaultHeapInstance__C)
                  000079f0    00000004     flash_debug_pem3.oem3 (.const:xdc_runtime_Startup_execImpl__C)
                  000079f4    00000004     flash_debug_pem3.oem3 (.const:xdc_runtime_Startup_maxPasses__C)
                  000079f8    00000004     flash_debug_pem3.oem3 (.const:xdc_runtime_Startup_sfxnRts__C)
                  000079fc    00000004     flash_debug_pem3.oem3 (.const:xdc_runtime_Startup_sfxnTab__C)
                  00007a00    00000004     flash_debug_pem3.oem3 (.const:xdc_runtime_SysMin_bufSize__C)
                  00007a04    00000004     flash_debug_pem3.oem3 (.const:xdc_runtime_SysMin_outputFunc__C)
                  00007a08    00000004     flash_debug_pem3.oem3 (.const:xdc_runtime_System_Module__gateObj__C)
                  00007a0c    00000004     flash_debug_pem3.oem3 (.const:xdc_runtime_System_abortFxn__C)
                  00007a10    00000004     flash_debug_pem3.oem3 (.const:xdc_runtime_System_exitFxn__C)
                  00007a14    00000004     flash_debug_pem3.oem3 (.const:xdc_runtime_System_extendFxn__C)
                  00007a18    00000004     flash_debug_pem3.oem3 (.const:xdc_runtime_System_maxAtexitHandlers__C)
                  00007a1c    00000004     flash_debug_pem3.oem3 (.const:xdc_runtime_Text_charTab__C)
                  00007a20    00000004     flash_debug_pem3.oem3 (.const:xdc_runtime_Text_nameEmpty__C)
                  00007a24    00000004     flash_debug_pem3.oem3 (.const:xdc_runtime_Text_nameStatic__C)
                  00007a28    00000004     flash_debug_pem3.oem3 (.const:xdc_runtime_Text_nameUnknown__C)
                  00007a2c    00000004     flash_debug_pem3.oem3 (.const:xdc_runtime_Text_visitRopeFxn__C)
                  00007a30    00000002     flash_debug_pem3.oem3 (.const:ti_sysbios_family_arm_cc26xx_TimestampProvider_useClockTimer__C)
                  00007a32    00000002     flash_debug_pem3.oem3 (.const:ti_sysbios_family_arm_m3_Hwi_Module__id__C)
                  00007a34    00000002     flash_debug_pem3.oem3 (.const:ti_sysbios_family_arm_m3_Hwi_Module__loggerDefined__C)
                  00007a36    00000002     flash_debug_pem3.oem3 (.const:ti_sysbios_knl_Clock_Module__id__C)
                  00007a38    00000002     flash_debug_pem3.oem3 (.const:ti_sysbios_knl_Clock_Module__loggerDefined__C)
                  00007a3a    00000002     flash_debug_pem3.oem3 (.const:ti_sysbios_knl_Semaphore_Module__id__C)
                  00007a3c    00000002     flash_debug_pem3.oem3 (.const:ti_sysbios_knl_Semaphore_Module__loggerDefined__C)
                  00007a3e    00000002     flash_debug_pem3.oem3 (.const:ti_sysbios_knl_Swi_Module__id__C)
                  00007a40    00000002     flash_debug_pem3.oem3 (.const:ti_sysbios_knl_Swi_Module__loggerDefined__C)
                  00007a42    00000002     flash_debug_pem3.oem3 (.const:ti_sysbios_knl_Task_Module__id__C)
                  00007a44    00000002     flash_debug_pem3.oem3 (.const:ti_sysbios_knl_Task_Module__loggerDefined__C)
                  00007a46    00000002     flash_debug_pem3.oem3 (.const:ti_sysbios_knl_Task_initStackFlag__C)
                  00007a48    00000002     flash_debug_pem3.oem3 (.const:ti_sysbios_utils_Load_Module__id__C)
                  00007a4a    00000002     flash_debug_pem3.oem3 (.const:ti_sysbios_utils_Load_Module__loggerDefined__C)
                  00007a4c    00000002     flash_debug_pem3.oem3 (.const:ti_sysbios_utils_Load_updateInIdle__C)
                  00007a4e    00000002     flash_debug_pem3.oem3 (.const:ti_uia_loggers_LoggerStopMode_Module__id__C)
                  00007a50    00000002     flash_debug_pem3.oem3 (.const:ti_uia_loggers_LoggerStopMode_isTimestampEnabled__C)
                  00007a52    00000002     flash_debug_pem3.oem3 (.const:xdc_runtime_Core_Module__id__C)
                  00007a54    00000002     flash_debug_pem3.oem3 (.const:xdc_runtime_Error_Module__loggerDefined__C)
                  00007a56    00000002     flash_debug_pem3.oem3 (.const:xdc_runtime_Error_maxDepth__C)
                  00007a58    00000002     flash_debug_pem3.oem3 (.const:xdc_runtime_HeapStd_Module__id__C)
                  00007a5a    00000002     flash_debug_pem3.oem3 (.const:xdc_runtime_Memory_Module__id__C)
                  00007a5c    00000002     flash_debug_pem3.oem3 (.const:xdc_runtime_SysMin_flushAtExit__C)
                  00007a5e    00000002     flash_debug_pem3.oem3 (.const:xdc_runtime_Text_charCnt__C)
                  00007a60    00000002     flash_debug_pem3.oem3 (.const:xdc_runtime_Text_isLoaded__C)
                  00007a62    00000002     flash_debug_pem3.oem3 (.const:xdc_runtime_Text_registryModsLastId__C)
                  00007a64    00000002     flash_debug_pem3.oem3 (.const:xdc_runtime_Text_unnamedModsLastId__C)
                  00007a66    00000001     flash_debug_pem3.oem3 (.const:xdc_runtime_Text_charTab__A)

.cinit     0    00007a68    000003cc     
                  00007a68    0000038e     (.cinit..data.load) [load image, compression = rle]
                  00007df6    00000002     --HOLE-- [fill = 0]
                  00007df8    0000000b     (.cinit..bss.load) [load image, compression = rle]
                  00007e03    00000005     --HOLE-- [fill = 0]
                  00007e08    00000009     (.cinit..vecs.load) [load image, compression = rle]
                  00007e11    00000003     --HOLE-- [fill = 0]
                  00007e14    00000008     (__TI_handler_table)
                  00007e1c    00000018     (__TI_cinit_table)

.init_array 
*          0    00000000    00000000     UNINITIALIZED

.ccfg      0    0001ffa8    00000058     
                  0001ffa8    00000058     ccfg.obj (.ccfg:retain)

.resetVecs 
*          0    00000000    0000003c     
                  00000000    0000003c     flash_debug_pem3.oem3 (.resetVecs)

.vecs      0    20000000    000000dc     UNINITIALIZED
                  20000000    000000dc     flash_debug_pem3.oem3 (.vecs)

.bss       0    20000100    00001f30     UNINITIALIZED
                  20000100    00000800     flash_debug_pem3.oem3 (.bss:taskStackSection)
                  20000900    00000800     (.common:ti_uia_loggers_LoggerStopMode_Instance_State_2_packetArray__A)
                  20001100    00000400     (.common:ti_uia_loggers_LoggerStopMode_Instance_State_1_packetArray__A)
                  20001500    00000400     (.common:xdc_runtime_SysMin_Module_State_0_outbuf__A)
                  20001900    00000200     (.common:ti_uia_loggers_LoggerStopMode_Instance_State_0_packetArray__A)
                  20001b00    00000120     rtsv7M3_T_le_eabi.lib : trgmsg.obj (.bss:_CIOBUF_)
                  20001c20    00000100     lab1-main.obj (.bss:workTaskStack)
                  20001d20    000000dc     (.common:ti_sysbios_family_arm_m3_Hwi_dispatchTable)
                  20001dfc    0000007c     (.common:PIN_HandleTable)
                  20001e78    00000050     (.common:workTask)
                  20001ec8    00000020     PINCC26XX.obj (.bss:PinGpioConfigTable)
                  20001ee8    00000014     (.common:oscHfGlobals)
                  20001efc    00000004     PINCC26XX.obj (.bss)
                  20001f00    00000030     (.common:ti_uia_loggers_LoggerStopMode_Instance_State_0_hdr__A)
                  20001f30    0000001c     PINCC26XX.obj (.bss:PinHwi)
                  20001f4c    0000001c     PINCC26XX.obj (.bss:PinSem)
                  20001f68    0000000c     lab1-main.obj (.bss:pinState)
                  20001f74    00000008     rtsv7M3_T_le_eabi.lib : trgdrv.obj (.bss:parmbuf)
                  20001f7c    00000004     lab1-main.obj (.bss)
                  20001f80    00000030     (.common:ti_uia_loggers_LoggerStopMode_Instance_State_1_hdr__A)
                  20001fb0    00000008     (.common:powerQualGlobals)
                  20001fb8    00000004     (.common:PIN_NumPins)
                  20001fbc    00000001     (.common:driverlib_release_0_43243)
                  20001fbd    00000043     --HOLE--
                  20002000    00000030     (.common:ti_uia_loggers_LoggerStopMode_Instance_State_2_hdr__A)

.data      0    20002030    000005ca     UNINITIALIZED
                  20002030    0000009c     flash_debug_pem3.oem3 (.data:ti_uia_loggers_LoggerStopMode_Object__table__V)
                  200020cc    00000098     flash_debug_pem3.oem3 (.data:ti_sysbios_utils_Load_Module__state__V)
                  20002164    00000080     flash_debug_pem3.oem3 (.data:ti_sysbios_knl_Swi_Module_State_0_readyQ__A)
                  200021e4    00000070     flash_debug_pem3.oem3 (.data:ti_sysbios_family_arm_cc26xx_Power_Module__state__V)
                  20002254    0000005c     Board.obj (.data:BoardGpioInitTable)
                  200022b0    0000004c     flash_debug_pem3.oem3 (.data:ti_sysbios_knl_Task_Object__table__V)
                  200022fc    00000004     rtsv7M3_T_le_eabi.lib : stkdepth_vars.obj (.data)
                  20002300    00000048     flash_debug_pem3.oem3 (.data:ti_sysbios_family_arm_cc26xx_Timer_Object__table__V)
                  20002348    00000044     flash_debug_pem3.oem3 (.data:ti_sysbios_knl_Task_Module__state__V)
                  2000238c    00000034     flash_debug_pem3.oem3 (.data:ti_sysbios_family_arm_m3_Hwi_Module__state__V)
                  200023c0    00000030     flash_debug_pem3.oem3 (.data:ti_sysbios_family_arm_m3_Hwi_Object__table__V)
                  200023f0    00000030     flash_debug_pem3.oem3 (.data:ti_sysbios_knl_Swi_Object__table__V)
                  20002420    0000002c     flash_debug_pem3.oem3 (.data:ti_sysbios_knl_Clock_Module__state__V)
                  2000244c    00000024     flash_debug_pem3.oem3 (.data:ti_sysbios_BIOS_Module__state__V)
                  20002470    00000020     flash_debug_pem3.oem3 (.data:ti_sysbios_knl_Task_Module_State_0_readyQ__A)
                  20002490    0000001c     sysbios.aem3 : BIOS.obj (.data:$O1$$)
                  200024ac    0000001c     lab1-main.obj (.data:pinTable)
                  200024c8    0000001c     flash_debug_pem3.oem3 (.data:ti_sysbios_gates_GateMutex_Object__table__V)
                  200024e4    0000001c     flash_debug_pem3.oem3 (.data:ti_sysbios_knl_Swi_Module__state__V)
                  20002500    00000013     flash_debug_pem3.oem3 (.data:ti_sysbios_family_arm_cc26xx_Power_refCount)
                  20002513    00000001     --HOLE--
                  20002514    0000000c     rtsv7M3_T_le_eabi.lib : exit.obj (.data:$O1$$)
                  20002520    0000000c     flash_debug_pem3.oem3 (.data:ti_sysbios_family_arm_cc26xx_Power_resourceHandlers)
                  2000252c    0000000c     flash_debug_pem3.oem3 (.data:ti_sysbios_knl_Task_Module__root__V)
                  20002538    0000000c     flash_debug_pem3.oem3 (.data:ti_uia_runtime_QueueDescriptor_Module__state__V)
                  20002544    0000000c     flash_debug_pem3.oem3 (.data:xdc_runtime_HeapStd_Object__table__V)
                  20002550    0000000c     flash_debug_pem3.oem3 (.data:xdc_runtime_SysMin_Module__state__V)
                  2000255c    00000008     rtsv7M3_T_le_eabi.lib : _lock.obj (.data:$O1$$)
                  20002564    00000008     ti.uia.runtime.aem3 : QueueDescriptor.oem3 (.data)
                  2000256c    00000008     flash_debug_pem3.oem3 (.data:ti_sysbios_family_arm_cc26xx_Timer_Module__state__V)
                  20002574    00000008     flash_debug_pem3.oem3 (.data:ti_sysbios_family_arm_m3_Hwi_Module__root__V)
                  2000257c    00000008     flash_debug_pem3.oem3 (.data:ti_sysbios_gates_GateHwi_Module__root__V)
                  20002584    00000008     flash_debug_pem3.oem3 (.data:ti_sysbios_gates_GateMutex_Module__root__V)
                  2000258c    00000008     flash_debug_pem3.oem3 (.data:ti_sysbios_knl_Queue_Module__root__V)
                  20002594    00000008     flash_debug_pem3.oem3 (.data:ti_sysbios_knl_Semaphore_Module__root__V)
                  2000259c    00000008     flash_debug_pem3.oem3 (.data:ti_uia_loggers_LoggerStopMode_Module__root__V)
                  200025a4    00000008     flash_debug_pem3.oem3 (.data:xdc_runtime_HeapStd_Module__root__V)
                  200025ac    00000008     flash_debug_pem3.oem3 (.data:xdc_runtime_Registry_Module__state__V)
                  200025b4    00000008     flash_debug_pem3.oem3 (.data:xdc_runtime_Startup_Module__state__V)
                  200025bc    00000008     flash_debug_pem3.oem3 (.data:xdc_runtime_System_Module_State_0_atexitHandlers__A)
                  200025c4    00000008     flash_debug_pem3.oem3 (.data:xdc_runtime_System_Module__state__V)
                  200025cc    00000005     flash_debug_pem3.oem3 (.data:ti_sysbios_family_arm_cc26xx_Power_constraintCounts)
                  200025d1    00000001     --HOLE--
                  200025d2    00000002     flash_debug_pem3.oem3 (.data:ti_sysbios_family_arm_m3_Hwi_Module_State_0_excActive__A)
                  200025d4    00000004     flash_debug_pem3.oem3 (.data:ti_sysbios_family_arm_cc26xx_TimestampProvider_Module__state__V)
                  200025d8    00000004     flash_debug_pem3.oem3 (.data:ti_sysbios_family_arm_m3_Hwi_Module_State_0_excContext__A)
                  200025dc    00000004     flash_debug_pem3.oem3 (.data:ti_sysbios_family_arm_m3_Hwi_Module_State_0_excStack__A)
                  200025e0    00000004     flash_debug_pem3.oem3 (.data:ti_sysbios_gates_GateHwi_Object__table__V)
                  200025e4    00000004     flash_debug_pem3.oem3 (.data:ti_sysbios_knl_Task_Module_State_0_idleTask__A)
                  200025e8    00000004     flash_debug_pem3.oem3 (.data:ti_sysbios_utils_Load_Module_State_0_runningTask__A)
                  200025ec    00000004     flash_debug_pem3.oem3 (.data:ti_sysbios_utils_Load_Module_State_0_taskStartTime__A)
                  200025f0    00000004     flash_debug_pem3.oem3 (.data:xdc_runtime_HeapStd_Module__state__V)
                  200025f4    00000004     flash_debug_pem3.oem3 (.data:xdc_runtime_Memory_Module__state__V)
                  200025f8    00000002     flash_debug_pem3.oem3 (.data:xdc_runtime_Error_Module__state__V)

.stack     0    20004c00    00000400     UNINITIALIZED
                  20004c00    00000400     --HOLE--

.bootVecs 
*          0    00000000    00000008     DSECT
                  00000000    00000008     boot.aem3 : boot.oem3 (.bootVecs)

xdc.meta   0    00000000    00000103     COPY SECTION
                  00000000    00000103     flash_debug_pem3.oem3 (xdc.meta)

xdc.noload 
*          0    00000000    00000000     COPY SECTION

MODULE SUMMARY

       Module                     code    ro data   rw data
       ------                     ----    -------   -------
    .\
       lab1-main.obj              399     0         380    
       Board.obj                  0       0         92     
    +--+--------------------------+-------+---------+---------+
       Total:                     399     0         472    
                                                           
    .\PIN\
       PINCC26XX.obj              1608    0         220    
    +--+--------------------------+-------+---------+---------+
       Total:                     1608    0         220    
                                                           
    .\Startup\
       ccfg.obj                   0       88        0      
    +--+--------------------------+-------+---------+---------+
       Total:                     0       88        0      
                                                           
    C:\Users\gochaudhari\workspace_v6_1_3\TI-RTOS_BasicTask_CC2650STK\Debug\configPkg\package\cfg\
       flash_debug_pem3.oem3      3466    1670      8540   
    +--+--------------------------+-------+---------+---------+
       Total:                     3466    1670      8540   
                                                           
    C:/ti/tirtos_simplelink_2_13_00_06/products/cc26xxware_2_21_01_15600/driverlib/bin/ccs/driverlib.lib
       setup.obj                  1666    0         0      
       sys_ctrl.obj               626     0         8      
       osc.obj                    436     0         20     
       chipinfo.obj               220     0         0      
       ddi.obj                    152     0         0      
       aon_batmon.obj             44      0         0      
       aon_rtc.obj                40      0         0      
       cpu.obj                    30      0         0      
       vims.obj                   14      0         0      
       driverlib_release.obj      0       0         1      
    +--+--------------------------+-------+---------+---------+
       Total:                     3228    0         29     
                                                           
    C:\Users\gochaudhari\workspace_v6_1_3\TI-RTOS_BasicTask_CC2650STK\src\sysbios\sysbios.aem3
       BIOS.obj                   12746   0         28     
       m3_Hwi_asm.obj             266     0         0      
       m3_TaskSupport_asm.obj     108     0         0      
       m3_Hwi_asm_switch.obj      102     0         0      
    +--+--------------------------+-------+---------+---------+
       Total:                     13222   0         28     
                                                           
    C:\ti\ccsv6\tools\compiler\ti-cgt-arm_15.12.1.LTS\lib\rtsv7M3_T_le_eabi.lib
       trgdrv.obj                 804     0         8      
       ull_div_t2.obj             500     0         0      
       trgmsg.obj                 104     0         288    
       memcpy_t2.obj              156     0         0      
       memset_t2.obj              122     0         0      
       copy_decompress_rle.obj    112     0         0      
       exit.obj                   84      0         12     
       cpy_tbl.obj                76      0         0      
       u_divt2.obj                64      0         0      
       _lock.obj                  20      0         8      
       args_main.obj              24      0         0      
       ll_mul_t2.obj              24      0         0      
       strcpy.obj                 22      0         0      
       strlen.obj                 20      0         0      
       copy_decompress_none.obj   14      0         0      
       stkdepth_vars.obj          0       0         4      
       i_div0.obj                 2       0         0      
    +--+--------------------------+-------+---------+---------+
       Total:                     2148    0         320    
                                                           
    C:\ti\tirtos_simplelink_2_13_00_06\products\bios_6_42_00_08\packages\ti\targets\arm\rtsarm\lib\auto_init.aem3
       auto_init.oem3             160     0         0      
    +--+--------------------------+-------+---------+---------+
       Total:                     160     0         0      
                                                           
    C:\ti\tirtos_simplelink_2_13_00_06\products\bios_6_42_00_08\packages\ti\targets\arm\rtsarm\lib\boot.aem3
       boot.oem3                  68      0         0      
    +--+--------------------------+-------+---------+---------+
       Total:                     68      0         0      
                                                           
    C:\ti\tirtos_simplelink_2_13_00_06\products\bios_6_42_00_08\packages\ti\targets\arm\rtsarm\lib\ti.targets.arm.rtsarm.aem3
       System.oem3                1246    17        0      
       HeapStd.oem3               714     0         0      
       Text.oem3                  592     0         0      
       Error.oem3                 524     0         0      
       Core-mem.oem3              358     0         0      
       Startup.oem3               328     0         0      
       SysMin.oem3                248     0         0      
       Core-smem.oem3             204     0         0      
       Memory.oem3                176     0         0      
       Assert.oem3                84      0         0      
       Core-params.oem3           70      0         0      
       Core-label.oem3            52      0         0      
       Registry.oem3              32      0         0      
       Gate.oem3                  28      0         0      
    +--+--------------------------+-------+---------+---------+
       Total:                     4656    17        0      
                                                           
    C:\ti\tirtos_simplelink_2_13_00_06\products\uia_2_00_02_39\packages\ti\uia\loggers\lib\release\ti.uia.loggers.aem3
       LoggerStopMode.oem3        552     0         0      
    +--+--------------------------+-------+---------+---------+
       Total:                     552     0         0      
                                                           
    C:\ti\tirtos_simplelink_2_13_00_06\products\uia_2_00_02_39\packages\ti\uia\runtime\lib\release\ti.uia.runtime.aem3
       QueueDescriptor.oem3       116     0         8      
    +--+--------------------------+-------+---------+---------+
       Total:                     116     0         8      
                                                           
       Stack:                     0       0         1024   
       Linker Generated:          0       962       0      
    +--+--------------------------+-------+---------+---------+
       Grand Total:               29623   2737      10641  


LINKER GENERATED COPY TABLES

__TI_cinit_table @ 00007e1c records: 3, size/record: 8, table size: 24
	.data: load addr=00007a68, load size=0000038e bytes, run addr=20002030, run size=000005ca bytes, compression=rle
	.bss: load addr=00007df8, load size=0000000b bytes, run addr=20000100, run size=00001f30 bytes, compression=rle
	.vecs: load addr=00007e08, load size=00000009 bytes, run addr=20000000, run size=000000dc bytes, compression=rle


LINKER GENERATED HANDLER TABLE

__TI_handler_table @ 00007e14 records: 2, size/record: 4, table size: 8
	index: 0, handler: __TI_decompress_rle24
	index: 1, handler: __TI_decompress_none


GLOBAL SYMBOLS: SORTED ALPHABETICALLY BY Name 

address   name                                                            
[...]
00007734  xdc_runtime_HeapStd_Object__DESC__C                             
00007754  xdc_runtime_HeapStd_Object__PARAMS__C                           
00007770  ti_sysbios_gates_GateHwi_Object__PARAMS__C                      
00007788  ti_sysbios_gates_GateMutex_Object__PARAMS__C                    
000077a0  ti_sysbios_knl_Queue_Object__PARAMS__C                          
000077b8  xdc_runtime_Startup_sfxnRts__A                                  
000077df  xdc_runtime_Error_policy__C                                     
000077e0  ti_sysbios_family_arm_m3_Hwi_excHookFuncs__A                    
000077e8  ti_sysbios_knl_Idle_funcList__A                                 
000077f0  ti_sysbios_knl_Idle_funcList__C                                 
000077f8  xdc_runtime_Startup_firstFxns__A                                
00007800  xdc_runtime_Startup_firstFxns__C                                
00007808  xdc_runtime_Startup_lastFxns__C                                 
00007810  ti_sysbios_family_arm_cc26xx_Power_Module_State_clockObj__O     
00007814  ti_sysbios_family_arm_cc26xx_Power_Module_State_lfClockObj__O   
00007818  ti_sysbios_family_arm_cc26xx_Power_Module_State_notifyQ__O      
0000781c  ti_sysbios_family_arm_cc26xx_Power_notifyTrapFunc__C            
00007820  ti_sysbios_family_arm_cc26xx_Power_totalTicksSTANDBY__C         
00007824  ti_sysbios_family_arm_cc26xx_Power_wakeDelaySTANDBY__C          
00007828  ti_sysbios_family_arm_cc26xx_Timer_startupNeeded__C             
0000782c  ti_sysbios_family_arm_m3_Hwi_E_NMI__C                           
00007830  ti_sysbios_family_arm_m3_Hwi_E_alreadyDefined__C                
00007834  ti_sysbios_family_arm_m3_Hwi_E_busFault__C                      
00007838  ti_sysbios_family_arm_m3_Hwi_E_debugMon__C                      
0000783c  ti_sysbios_family_arm_m3_Hwi_E_hardFault__C                     
00007840  ti_sysbios_family_arm_m3_Hwi_E_memFault__C                      
00007844  ti_sysbios_family_arm_m3_Hwi_E_noIsr__C                         
00007848  ti_sysbios_family_arm_m3_Hwi_E_reserved__C                      
0000784c  ti_sysbios_family_arm_m3_Hwi_E_svCall__C                        
00007850  ti_sysbios_family_arm_m3_Hwi_E_usageFault__C                    
00007854  ti_sysbios_family_arm_m3_Hwi_LD_end__C                          
00007858  ti_sysbios_family_arm_m3_Hwi_LM_begin__C                        
0000785c  ti_sysbios_family_arm_m3_Hwi_Module__diagsEnabled__C            
00007860  ti_sysbios_family_arm_m3_Hwi_Module__diagsIncluded__C           
00007864  ti_sysbios_family_arm_m3_Hwi_Module__diagsMask__C               
00007868  ti_sysbios_family_arm_m3_Hwi_Module__loggerFxn1__C              
0000786c  ti_sysbios_family_arm_m3_Hwi_Module__loggerFxn8__C              
00007870  ti_sysbios_family_arm_m3_Hwi_Module__loggerObj__C               
00007874  ti_sysbios_family_arm_m3_Hwi_NUM_INTERRUPTS__C                  
00007878  ti_sysbios_family_arm_m3_Hwi_Object__count__C                   
0000787c  ti_sysbios_family_arm_m3_Hwi_ccr__C                             
00007880  ti_sysbios_family_arm_m3_Hwi_excHandlerFunc__C                  
00007884  ti_sysbios_family_arm_m3_Hwi_excHookFuncs__C                    
00007888  ti_sysbios_family_arm_m3_Hwi_nullIsrFunc__C                     
0000788c  ti_sysbios_family_arm_m3_Hwi_priGroup__C                        
00007890  ti_sysbios_family_arm_m3_TaskSupport_stackAlignment__C          
00007894  ti_sysbios_gates_GateMutex_Instance_State_sem__O                
00007898  ti_sysbios_knl_Clock_LM_begin__C                                
0000789c  ti_sysbios_knl_Clock_LM_tick__C                                 
000078a0  ti_sysbios_knl_Clock_Module_State_clockQ__O                     
000078a4  ti_sysbios_knl_Clock_Module__diagsEnabled__C                    
000078a8  ti_sysbios_knl_Clock_Module__diagsIncluded__C                   
000078ac  ti_sysbios_knl_Clock_Module__diagsMask__C                       
000078b0  ti_sysbios_knl_Clock_Module__loggerFxn1__C                      
000078b4  ti_sysbios_knl_Clock_Module__loggerFxn2__C                      
000078b8  ti_sysbios_knl_Clock_Module__loggerObj__C                       
000078bc  ti_sysbios_knl_Clock_tickPeriod__C                              
000078c0  ti_sysbios_knl_Semaphore_Instance_State_pendQ__O                
000078c4  ti_sysbios_knl_Semaphore_LM_pend__C                             
000078c8  ti_sysbios_knl_Semaphore_LM_post__C                             
000078cc  ti_sysbios_knl_Semaphore_Module__diagsEnabled__C                
000078d0  ti_sysbios_knl_Semaphore_Module__diagsIncluded__C               
000078d4  ti_sysbios_knl_Semaphore_Module__diagsMask__C                   
000078d8  ti_sysbios_knl_Semaphore_Module__loggerFxn2__C                  
000078dc  ti_sysbios_knl_Semaphore_Module__loggerFxn4__C                  
000078e0  ti_sysbios_knl_Semaphore_Module__loggerObj__C                   
000078e4  ti_sysbios_knl_Swi_LD_end__C                                    
000078e8  ti_sysbios_knl_Swi_LM_begin__C                                  
000078ec  ti_sysbios_knl_Swi_LM_post__C                                   
000078f0  ti_sysbios_knl_Swi_Module__diagsEnabled__C                      
000078f4  ti_sysbios_knl_Swi_Module__diagsIncluded__C                     
000078f8  ti_sysbios_knl_Swi_Module__diagsMask__C                         
000078fc  ti_sysbios_knl_Swi_Module__loggerFxn1__C                        
00007900  ti_sysbios_knl_Swi_Module__loggerFxn4__C                        
00007904  ti_sysbios_knl_Swi_Module__loggerObj__C                         
00007908  ti_sysbios_knl_Swi_Object__count__C                             
0000790c  ti_sysbios_knl_Task_LD_block__C                                 
00007910  ti_sysbios_knl_Task_LD_exit__C                                  
00007914  ti_sysbios_knl_Task_LD_ready__C                                 
00007918  ti_sysbios_knl_Task_LM_switch__C                                
0000791c  ti_sysbios_knl_Task_Module_State_inactiveQ__O                   
00007920  ti_sysbios_knl_Task_Module__diagsEnabled__C                     
00007924  ti_sysbios_knl_Task_Module__diagsIncluded__C                    
00007928  ti_sysbios_knl_Task_Module__diagsMask__C                        
0000792c  ti_sysbios_knl_Task_Module__loggerFxn2__C                       
00007930  ti_sysbios_knl_Task_Module__loggerFxn4__C                       
00007934  ti_sysbios_knl_Task_Module__loggerObj__C                        
00007938  ti_sysbios_knl_Task_Object__count__C                            
0000793c  ti_sysbios_knl_Task_allBlockedFunc__C                           
00007940  ti_sysbios_knl_Task_defaultStackHeap__C                         
00007944  ti_sysbios_knl_Task_defaultStackSize__C                         
00007948  ti_sysbios_knl_Task_numConstructedTasks__C                      
0000794c  ti_sysbios_utils_Load_LS_cpuLoad__C                             
00007950  ti_sysbios_utils_Load_Module__diagsEnabled__C                   
00007954  ti_sysbios_utils_Load_Module__diagsIncluded__C                  
00007958  ti_sysbios_utils_Load_Module__diagsMask__C                      
0000795c  ti_sysbios_utils_Load_Module__loggerFxn1__C                     
00007960  ti_sysbios_utils_Load_Module__loggerObj__C                      
00007964  ti_sysbios_utils_Load_postUpdate__C                             
00007968  ti_sysbios_utils_Load_windowInMs__C                             
0000796c  ti_uia_loggers_LoggerStopMode_Module__diagsEnabled__C           
00007970  ti_uia_loggers_LoggerStopMode_Module__diagsIncluded__C          
00007974  ti_uia_loggers_LoggerStopMode_Module__diagsMask__C              
00007978  ti_uia_loggers_LoggerStopMode_Object__count__C                  
0000797c  ti_uia_runtime_ILoggerSnapshot_Interface__BASE__C               
00007980  ti_uia_runtime_IUIATransfer_Interface__BASE__C                  
00007984  xdc_runtime_Assert_E_assertFailed__C                            
00007988  xdc_runtime_Core_A_initializedParams__C                         
0000798c  xdc_runtime_Core_Module__diagsEnabled__C                        
00007990  xdc_runtime_Core_Module__diagsIncluded__C                       
00007994  xdc_runtime_Core_Module__diagsMask__C                           
00007998  xdc_runtime_Error_E_memory__C                                   
0000799c  xdc_runtime_Error_Module__diagsEnabled__C                       
000079a0  xdc_runtime_Error_Module__diagsIncluded__C                      
000079a4  xdc_runtime_Error_Module__diagsMask__C                          
000079a8  xdc_runtime_Error_Module__loggerFxn8__C                         
000079ac  xdc_runtime_Error_Module__loggerObj__C                          
000079b0  xdc_runtime_Error_policyFxn__C                                  
000079b4  xdc_runtime_Error_raiseHook__C                                  
000079b8  xdc_runtime_HeapStd_A_align__C                                  
000079bc  xdc_runtime_HeapStd_A_invalidTotalFreeSize__C                   
000079c0  xdc_runtime_HeapStd_A_zeroSize__C                               
000079c4  xdc_runtime_HeapStd_E_noRTSMemory__C                            
000079c8  xdc_runtime_HeapStd_Module__diagsEnabled__C                     
000079cc  xdc_runtime_HeapStd_Module__diagsIncluded__C                    
000079d0  xdc_runtime_HeapStd_Module__diagsMask__C                        
000079d4  xdc_runtime_IFilterLogger_Interface__BASE__C                    
000079d8  xdc_runtime_IGateProvider_Interface__BASE__C                    
000079dc  xdc_runtime_IHeap_Interface__BASE__C                            
000079e0  xdc_runtime_ILogger_Interface__BASE__C                          
000079e4  xdc_runtime_IModule_Interface__BASE__C                          
000079e8  xdc_runtime_Log_L_error__C                                      
000079ec  xdc_runtime_Memory_defaultHeapInstance__C                       
000079f0  xdc_runtime_Startup_execImpl__C                                 
000079f4  xdc_runtime_Startup_maxPasses__C                                
000079f8  xdc_runtime_Startup_sfxnRts__C                                  
000079fc  xdc_runtime_Startup_sfxnTab__C                                  
00007a00  xdc_runtime_SysMin_bufSize__C                                   
00007a04  xdc_runtime_SysMin_outputFunc__C                                
00007a08  xdc_runtime_System_Module__gateObj__C                           
00007a0c  xdc_runtime_System_abortFxn__C                                  
00007a10  xdc_runtime_System_exitFxn__C                                   
00007a14  xdc_runtime_System_extendFxn__C                                 
00007a18  xdc_runtime_System_maxAtexitHandlers__C                         
00007a1c  xdc_runtime_Text_charTab__C                                     
00007a20  xdc_runtime_Text_nameEmpty__C                                   
00007a24  xdc_runtime_Text_nameStatic__C                                  
00007a28  xdc_runtime_Text_nameUnknown__C                                 
00007a2c  xdc_runtime_Text_visitRopeFxn__C                                
00007a30  ti_sysbios_family_arm_cc26xx_TimestampProvider_useClockTimer__C 
00007a32  ti_sysbios_family_arm_m3_Hwi_Module__id__C                      
00007a34  ti_sysbios_family_arm_m3_Hwi_Module__loggerDefined__C           
00007a36  ti_sysbios_knl_Clock_Module__id__C                              
00007a38  ti_sysbios_knl_Clock_Module__loggerDefined__C                   
00007a3a  ti_sysbios_knl_Semaphore_Module__id__C                          
00007a3c  ti_sysbios_knl_Semaphore_Module__loggerDefined__C               
00007a3e  ti_sysbios_knl_Swi_Module__id__C                                
00007a40  ti_sysbios_knl_Swi_Module__loggerDefined__C                     
00007a42  ti_sysbios_knl_Task_Module__id__C                               
00007a44  ti_sysbios_knl_Task_Module__loggerDefined__C                    
00007a46  ti_sysbios_knl_Task_initStackFlag__C                            
00007a48  ti_sysbios_utils_Load_Module__id__C                             
00007a4a  ti_sysbios_utils_Load_Module__loggerDefined__C                  
00007a4c  ti_sysbios_utils_Load_updateInIdle__C                           
00007a4e  ti_uia_loggers_LoggerStopMode_Module__id__C                     
00007a50  ti_uia_loggers_LoggerStopMode_isTimestampEnabled__C             
00007a52  xdc_runtime_Core_Module__id__C                                  
00007a54  xdc_runtime_Error_Module__loggerDefined__C                      
00007a56  xdc_runtime_Error_maxDepth__C                                   
00007a58  xdc_runtime_HeapStd_Module__id__C                               
00007a5a  xdc_runtime_Memory_Module__id__C                                
00007a5c  xdc_runtime_SysMin_flushAtExit__C                               
00007a5e  xdc_runtime_Text_charCnt__C                                     
00007a60  xdc_runtime_Text_isLoaded__C                                    
00007a62  xdc_runtime_Text_registryModsLastId__C                          
00007a64  xdc_runtime_Text_unnamedModsLastId__C                           
00007a66  xdc_runtime_Text_charTab__A                                     
00007a68  __TI_static_base__                                              
00007e14  __TI_Handler_Table_Base                                         
00007e1c  __TI_CINIT_Base                                                 
00007e1c  __TI_Handler_Table_Limit                                        
00007e34  __TI_CINIT_Limit                                                
0001ffa8  __ccfg                                                          
20000000  ti_sysbios_family_arm_m3_Hwi_ramVectors                         
20000100  ti_sysbios_knl_Task_Instance_State_0_stack__A                   
20000900  ti_uia_loggers_LoggerStopMode_Instance_State_2_packetArray__A   
20001100  ti_uia_loggers_LoggerStopMode_Instance_State_1_packetArray__A   
20001500  xdc_runtime_SysMin_Module_State_0_outbuf__A                     
20001900  ti_uia_loggers_LoggerStopMode_Instance_State_0_packetArray__A   
20001b00  __CIOBUF_                                                       
20001d20  ti_sysbios_family_arm_m3_Hwi_dispatchTable                      
20001dfc  PIN_HandleTable                                                 
20001e78  workTask                                                        
20001f00  ti_uia_loggers_LoggerStopMode_Instance_State_0_hdr__A           
20001f80  ti_uia_loggers_LoggerStopMode_Instance_State_1_hdr__A           
20001fb8  PIN_NumPins                                                     
20001fbc  driverlib_release_0_43243                                       
20002000  ti_uia_loggers_LoggerStopMode_Instance_State_2_hdr__A           
20002030  ti_uia_loggers_LoggerStopMode_Object__table__V                  
200020cc  ti_sysbios_utils_Load_Module__state__V                          
20002164  ti_sysbios_knl_Swi_Module_State_0_readyQ__A                     
200021e4  ti_sysbios_family_arm_cc26xx_Power_Module__state__V             
20002254  BoardGpioInitTable                                              
200022b0  TSK_idle                                                        
200022b0  ti_sysbios_knl_Task_Object__table__V                            
200022fc  main_func_sp                                                    
20002300  ti_sysbios_family_arm_cc26xx_Timer_Object__table__V             
20002348  ti_sysbios_knl_Task_Module__state__V                            
2000238c  ti_sysbios_family_arm_m3_Hwi_Module__state__V                   
200023c0  ti_sysbios_family_arm_m3_Hwi_Object__table__V                   
200023f0  ti_sysbios_knl_Swi_Object__table__V                             
20002420  ti_sysbios_knl_Clock_Module__state__V                           
2000244c  ti_sysbios_BIOS_Module__state__V                                
20002470  ti_sysbios_knl_Task_Module_State_0_readyQ__A                    
200024ac  pinTable                                                        
200024c8  ti_sysbios_gates_GateMutex_Object__table__V                     
200024e4  ti_sysbios_knl_Swi_Module__state__V                             
20002500  ti_sysbios_family_arm_cc26xx_Power_refCount                     
20002514  __TI_cleanup_ptr                                                
20002518  __TI_dtors_ptr                                                  
2000251c  __TI_enable_exit_profile_output                                 
20002520  ti_sysbios_family_arm_cc26xx_Power_resourceHandlers             
2000252c  ti_sysbios_knl_Task_Module__root__V                             
20002538  ti_uia_runtime_QueueDescriptor_Module__state__V                 
20002544  xdc_runtime_HeapStd_Object__table__V                            
20002550  xdc_runtime_SysMin_Module__state__V                             
2000255c  _lock                                                           
20002560  _unlock                                                         
20002564  ti_uia_runtime_QueueDescriptor_gPtrToFirstDescriptor            
20002568  ti_uia_runtime_QueueDescriptor_gUpdateCount                     
2000256c  ti_sysbios_family_arm_cc26xx_Timer_Module__state__V             
20002574  ti_sysbios_family_arm_m3_Hwi_Module__root__V                    
2000257c  ti_sysbios_gates_GateHwi_Module__root__V                        
20002584  ti_sysbios_gates_GateMutex_Module__root__V                      
2000258c  ti_sysbios_knl_Queue_Module__root__V                            
20002594  ti_sysbios_knl_Semaphore_Module__root__V                        
2000259c  ti_uia_loggers_LoggerStopMode_Module__root__V                   
200025a4  xdc_runtime_HeapStd_Module__root__V                             
200025ac  xdc_runtime_Registry_Module__state__V                           
200025b4  xdc_runtime_Startup_Module__state__V                            
200025bc  xdc_runtime_System_Module_State_0_atexitHandlers__A             
200025c4  xdc_runtime_System_Module__state__V                             
200025cc  ti_sysbios_family_arm_cc26xx_Power_constraintCounts             
200025d2  ti_sysbios_family_arm_m3_Hwi_Module_State_0_excActive__A        
200025d4  ti_sysbios_family_arm_cc26xx_TimestampProvider_Module__state__V 
200025d8  ti_sysbios_family_arm_m3_Hwi_Module_State_0_excContext__A       
200025dc  ti_sysbios_family_arm_m3_Hwi_Module_State_0_excStack__A         
200025e0  ti_sysbios_gates_GateHwi_Object__table__V                       
200025e4  ti_sysbios_knl_Task_Module_State_0_idleTask__A                  
200025e8  ti_sysbios_utils_Load_Module_State_0_runningTask__A             
200025ec  ti_sysbios_utils_Load_Module_State_0_taskStartTime__A           
200025f0  xdc_runtime_HeapStd_Module__state__V                            
200025f4  xdc_runtime_Memory_Module__state__V                             
200025f8  xdc_runtime_Error_Module__state__V                              
20004c00  __stack                                                         
20005000  __STACK_END                                                     
20005000  __STACK_TOP                                                     
e000e000  ti_sysbios_family_arm_m3_Hwi_nvic                               
ffffffff  __TI_pprof_out_hndl                                             
ffffffff  __TI_prof_data_size                                             
ffffffff  __TI_prof_data_start                                            
ffffffff  __binit__                                                       
ffffffff  __c_args__                                                      
ffffffff  binit                                                           
UNDEFED   SHT$$INIT_ARRAY$$Base                                           
UNDEFED   SHT$$INIT_ARRAY$$Limit                                          

[683 symbols]
